Archive member included to satisfy reference by file (symbol)

C:/ST/STM32CubeIDE_1.14.0/STM32CubeIDE/plugins/com.st.stm32cube.ide.mcu.externaltools.gnu-tools-for-stm32.11.3.rel1.win32_1.1.100.202309141235/tools/bin/../lib/gcc/arm-none-eabi/11.3.1/../../../../arm-none-eabi/lib/thumb/v7e-m+fp/hard\libc_nano.a(libc_a-exit.o)
                              C:/ST/STM32CubeIDE_1.14.0/STM32CubeIDE/plugins/com.st.stm32cube.ide.mcu.externaltools.gnu-tools-for-stm32.11.3.rel1.win32_1.1.100.202309141235/tools/bin/../lib/gcc/arm-none-eabi/11.3.1/../../../../arm-none-eabi/lib/thumb/v7e-m+fp/hard/crt0.o (exit)
C:/ST/STM32CubeIDE_1.14.0/STM32CubeIDE/plugins/com.st.stm32cube.ide.mcu.externaltools.gnu-tools-for-stm32.11.3.rel1.win32_1.1.100.202309141235/tools/bin/../lib/gcc/arm-none-eabi/11.3.1/../../../../arm-none-eabi/lib/thumb/v7e-m+fp/hard\libc_nano.a(libc_a-findfp.o)
                              C:/ST/STM32CubeIDE_1.14.0/STM32CubeIDE/plugins/com.st.stm32cube.ide.mcu.externaltools.gnu-tools-for-stm32.11.3.rel1.win32_1.1.100.202309141235/tools/bin/../lib/gcc/arm-none-eabi/11.3.1/../../../../arm-none-eabi/lib/thumb/v7e-m+fp/hard\libc_nano.a(libc_a-exit.o) (__stdio_exit_handler)
C:/ST/STM32CubeIDE_1.14.0/STM32CubeIDE/plugins/com.st.stm32cube.ide.mcu.externaltools.gnu-tools-for-stm32.11.3.rel1.win32_1.1.100.202309141235/tools/bin/../lib/gcc/arm-none-eabi/11.3.1/../../../../arm-none-eabi/lib/thumb/v7e-m+fp/hard\libc_nano.a(libc_a-fwalk.o)
                              C:/ST/STM32CubeIDE_1.14.0/STM32CubeIDE/plugins/com.st.stm32cube.ide.mcu.externaltools.gnu-tools-for-stm32.11.3.rel1.win32_1.1.100.202309141235/tools/bin/../lib/gcc/arm-none-eabi/11.3.1/../../../../arm-none-eabi/lib/thumb/v7e-m+fp/hard\libc_nano.a(libc_a-findfp.o) (_fwalk_sglue)
C:/ST/STM32CubeIDE_1.14.0/STM32CubeIDE/plugins/com.st.stm32cube.ide.mcu.externaltools.gnu-tools-for-stm32.11.3.rel1.win32_1.1.100.202309141235/tools/bin/../lib/gcc/arm-none-eabi/11.3.1/../../../../arm-none-eabi/lib/thumb/v7e-m+fp/hard\libc_nano.a(libc_a-stdio.o)
                              C:/ST/STM32CubeIDE_1.14.0/STM32CubeIDE/plugins/com.st.stm32cube.ide.mcu.externaltools.gnu-tools-for-stm32.11.3.rel1.win32_1.1.100.202309141235/tools/bin/../lib/gcc/arm-none-eabi/11.3.1/../../../../arm-none-eabi/lib/thumb/v7e-m+fp/hard\libc_nano.a(libc_a-findfp.o) (__sread)
C:/ST/STM32CubeIDE_1.14.0/STM32CubeIDE/plugins/com.st.stm32cube.ide.mcu.externaltools.gnu-tools-for-stm32.11.3.rel1.win32_1.1.100.202309141235/tools/bin/../lib/gcc/arm-none-eabi/11.3.1/../../../../arm-none-eabi/lib/thumb/v7e-m+fp/hard\libc_nano.a(libc_a-memset.o)
                              C:/ST/STM32CubeIDE_1.14.0/STM32CubeIDE/plugins/com.st.stm32cube.ide.mcu.externaltools.gnu-tools-for-stm32.11.3.rel1.win32_1.1.100.202309141235/tools/bin/../lib/gcc/arm-none-eabi/11.3.1/../../../../arm-none-eabi/lib/thumb/v7e-m+fp/hard/crt0.o (memset)
C:/ST/STM32CubeIDE_1.14.0/STM32CubeIDE/plugins/com.st.stm32cube.ide.mcu.externaltools.gnu-tools-for-stm32.11.3.rel1.win32_1.1.100.202309141235/tools/bin/../lib/gcc/arm-none-eabi/11.3.1/../../../../arm-none-eabi/lib/thumb/v7e-m+fp/hard\libc_nano.a(libc_a-closer.o)
                              C:/ST/STM32CubeIDE_1.14.0/STM32CubeIDE/plugins/com.st.stm32cube.ide.mcu.externaltools.gnu-tools-for-stm32.11.3.rel1.win32_1.1.100.202309141235/tools/bin/../lib/gcc/arm-none-eabi/11.3.1/../../../../arm-none-eabi/lib/thumb/v7e-m+fp/hard\libc_nano.a(libc_a-stdio.o) (_close_r)
C:/ST/STM32CubeIDE_1.14.0/STM32CubeIDE/plugins/com.st.stm32cube.ide.mcu.externaltools.gnu-tools-for-stm32.11.3.rel1.win32_1.1.100.202309141235/tools/bin/../lib/gcc/arm-none-eabi/11.3.1/../../../../arm-none-eabi/lib/thumb/v7e-m+fp/hard\libc_nano.a(libc_a-reent.o)
                              C:/ST/STM32CubeIDE_1.14.0/STM32CubeIDE/plugins/com.st.stm32cube.ide.mcu.externaltools.gnu-tools-for-stm32.11.3.rel1.win32_1.1.100.202309141235/tools/bin/../lib/gcc/arm-none-eabi/11.3.1/../../../../arm-none-eabi/lib/thumb/v7e-m+fp/hard\libc_nano.a(libc_a-closer.o) (errno)
C:/ST/STM32CubeIDE_1.14.0/STM32CubeIDE/plugins/com.st.stm32cube.ide.mcu.externaltools.gnu-tools-for-stm32.11.3.rel1.win32_1.1.100.202309141235/tools/bin/../lib/gcc/arm-none-eabi/11.3.1/../../../../arm-none-eabi/lib/thumb/v7e-m+fp/hard\libc_nano.a(libc_a-impure.o)
                              C:/ST/STM32CubeIDE_1.14.0/STM32CubeIDE/plugins/com.st.stm32cube.ide.mcu.externaltools.gnu-tools-for-stm32.11.3.rel1.win32_1.1.100.202309141235/tools/bin/../lib/gcc/arm-none-eabi/11.3.1/../../../../arm-none-eabi/lib/thumb/v7e-m+fp/hard\libc_nano.a(libc_a-reent.o) (_impure_ptr)
C:/ST/STM32CubeIDE_1.14.0/STM32CubeIDE/plugins/com.st.stm32cube.ide.mcu.externaltools.gnu-tools-for-stm32.11.3.rel1.win32_1.1.100.202309141235/tools/bin/../lib/gcc/arm-none-eabi/11.3.1/../../../../arm-none-eabi/lib/thumb/v7e-m+fp/hard\libc_nano.a(libc_a-lseekr.o)
[...]
Memory Configuration

Name             Origin             Length             Attributes
CCMRAM           0x0000000010000000 0x0000000000010000 xrw
RAM              0x0000000020000000 0x0000000000020000 xrw
FLASH            0x0000000008000000 0x0000000000100000 xr
*default*        0x0000000000000000 0xffffffffffffffff

Linker script and memory map

LOAD C:/ST/STM32CubeIDE_1.14.0/STM32CubeIDE/plugins/com.st.stm32cube.ide.mcu.externaltools.gnu-tools-for-stm32.11.3.rel1.win32_1.1.100.202309141235/tools/bin/../lib/gcc/arm-none-eabi/11.3.1/thumb/v7e-m+fp/hard/crti.o
LOAD C:/ST/STM32CubeIDE_1.14.0/STM32CubeIDE/plugins/com.st.stm32cube.ide.mcu.externaltools.gnu-tools-for-stm32.11.3.rel1.win32_1.1.100.202309141235/tools/bin/../lib/gcc/arm-none-eabi/11.3.1/thumb/v7e-m+fp/hard/crtbegin.o
LOAD C:/ST/STM32CubeIDE_1.14.0/STM32CubeIDE/plugins/com.st.stm32cube.ide.mcu.externaltools.gnu-tools-for-stm32.11.3.rel1.win32_1.1.100.202309141235/tools/bin/../lib/gcc/arm-none-eabi/11.3.1/../../../../arm-none-eabi/lib/thumb/v7e-m+fp/hard/crt0.o
LOAD ./App/app.o
LOAD ./App/hooks.o
LOAD ./App/led.o
LOAD ./Core/Src/main.o
LOAD ./Core/Src/stm32f4xx_hal_msp.o
LOAD ./Core/Src/stm32f4xx_it.o
LOAD ./Core/Src/syscalls.o
LOAD ./Core/Src/sysmem.o
LOAD ./Core/Src/system_stm32f4xx.o
LOAD ./Core/Startup/startup_stm32f407vgtx.o
LOAD ./Drivers/STM32F4xx_HAL_Driver/Src/stm32f4xx_hal.o
LOAD ./Drivers/STM32F4xx_HAL_Driver/Src/stm32f4xx_hal_cortex.o
LOAD ./Drivers/STM32F4xx_HAL_Driver/Src/stm32f4xx_hal_dma.o
LOAD ./Drivers/STM32F4xx_HAL_Driver/Src/stm32f4xx_hal_dma_ex.o
LOAD ./Drivers/STM32F4xx_HAL_Driver/Src/stm32f4xx_hal_exti.o
LOAD ./Drivers/STM32F4xx_HAL_Driver/Src/stm32f4xx_hal_flash.o
LOAD ./Drivers/STM32F4xx_HAL_Driver/Src/stm32f4xx_hal_flash_ex.o
LOAD ./Drivers/STM32F4xx_HAL_Driver/Src/stm32f4xx_hal_flash_ramfunc.o
LOAD ./Drivers/STM32F4xx_HAL_Driver/Src/stm32f4xx_hal_gpio.o
LOAD ./Drivers/STM32F4xx_HAL_Driver/Src/stm32f4xx_hal_pwr.o
LOAD ./Drivers/STM32F4xx_HAL_Driver/Src/stm32f4xx_hal_pwr_ex.o
LOAD ./Drivers/STM32F4xx_HAL_Driver/Src/stm32f4xx_hal_rcc.o
LOAD ./Drivers/STM32F4xx_HAL_Driver/Src/stm32f4xx_hal_rcc_ex.o
LOAD ./Drivers/STM32F4xx_HAL_Driver/Src/stm32f4xx_hal_tim.o
LOAD ./Drivers/STM32F4xx_HAL_Driver/Src/stm32f4xx_hal_tim_ex.o
LOAD ./Drivers/STM32F4xx_HAL_Driver/Src/stm32f4xx_hal_uart.o
LOAD ./Drivers/STM32F4xx_HAL_Driver/Src/stm32f4xx_ll_dma.o
LOAD ./Drivers/STM32F4xx_HAL_Driver/Src/stm32f4xx_ll_exti.o
LOAD ./Drivers/STM32F4xx_HAL_Driver/Src/stm32f4xx_ll_gpio.o
LOAD ./Drivers/STM32F4xx_HAL_Driver/Src/stm32f4xx_ll_rcc.o
LOAD ./Drivers/STM32F4xx_HAL_Driver/Src/stm32f4xx_ll_spi.o
LOAD ./Drivers/STM32F4xx_HAL_Driver/Src/stm32f4xx_ll_usart.o
LOAD ./Drivers/STM32F4xx_HAL_Driver/Src/stm32f4xx_ll_usb.o
LOAD ./Drivers/STM32F4xx_HAL_Driver/Src/stm32f4xx_ll_utils.o
LOAD ./Library/FatFS/mmc.o
LOAD ./Library/STM32_USB_Device_Library/Core/Src/usbd_core.o
LOAD ./Library/STM32_USB_Device_Library/Core/Src/usbd_ctlreq.o
LOAD ./Library/STM32_USB_Device_Library/Core/Src/usbd_ioreq.o
LOAD ./Loader/ARMCM4_STM32F4/GCC/cpu_comp.o
LOAD ./Loader/ARMCM4_STM32F4/can.o
LOAD ./Loader/ARMCM4_STM32F4/cpu.o
LOAD ./Loader/ARMCM4_STM32F4/flash.o
LOAD ./Loader/ARMCM4_STM32F4/nvm.o
LOAD ./Loader/ARMCM4_STM32F4/rs232.o
LOAD ./Loader/ARMCM4_STM32F4/timer.o
LOAD ./Loader/ARMCM4_STM32F4/usb.o
LOAD ./Loader/asserts.o
LOAD ./Loader/backdoor.o
LOAD ./Loader/boot.o
LOAD ./Loader/com.o
LOAD ./Loader/cop.o
LOAD ./Loader/file.o
LOAD ./Loader/net.o
LOAD ./Loader/xcp.o
LOAD ./Loader/third_party/fatfs/src/ff.o
LOAD ./Loader/third_party/fatfs/src/option/syscall.o
LOAD ./Loader/third_party/fatfs/src/option/unicode.o
START GROUP
LOAD C:/ST/STM32CubeIDE_1.14.0/STM32CubeIDE/plugins/com.st.stm32cube.ide.mcu.externaltools.gnu-tools-for-stm32.11.3.rel1.win32_1.1.100.202309141235/tools/bin/../lib/gcc/arm-none-eabi/11.3.1/../../../../arm-none-eabi/lib/thumb/v7e-m+fp/hard\libc_nano.a
LOAD C:/ST/STM32CubeIDE_1.14.0/STM32CubeIDE/plugins/com.st.stm32cube.ide.mcu.externaltools.gnu-tools-for-stm32.11.3.rel1.win32_1.1.100.202309141235/tools/bin/../lib/gcc/arm-none-eabi/11.3.1/../../../../arm-none-eabi/lib/thumb/v7e-m+fp/hard\libm.a
END GROUP
START GROUP
LOAD C:/ST/STM32CubeIDE_1.14.0/STM32CubeIDE/plugins/com.st.stm32cube.ide.mcu.externaltools.gnu-tools-for-stm32.11.3.rel1.win32_1.1.100.202309141235/tools/bin/../lib/gcc/arm-none-eabi/11.3.1/thumb/v7e-m+fp/hard\libgcc.a
LOAD C:/ST/STM32CubeIDE_1.14.0/STM32CubeIDE/plugins/com.st.stm32cube.ide.mcu.externaltools.gnu-tools-for-stm32.11.3.rel1.win32_1.1.100.202309141235/tools/bin/../lib/gcc/arm-none-eabi/11.3.1/../../../../arm-none-eabi/lib/thumb/v7e-m+fp/hard\libc_nano.a
END GROUP
START GROUP
LOAD C:/ST/STM32CubeIDE_1.14.0/STM32CubeIDE/plugins/com.st.stm32cube.ide.mcu.externaltools.gnu-tools-for-stm32.11.3.rel1.win32_1.1.100.202309141235/tools/bin/../lib/gcc/arm-none-eabi/11.3.1/thumb/v7e-m+fp/hard\libgcc.a
LOAD C:/ST/STM32CubeIDE_1.14.0/STM32CubeIDE/plugins/com.st.stm32cube.ide.mcu.externaltools.gnu-tools-for-stm32.11.3.rel1.win32_1.1.100.202309141235/tools/bin/../lib/gcc/arm-none-eabi/11.3.1/../../../../arm-none-eabi/lib/thumb/v7e-m+fp/hard\libc_nano.a
LOAD C:/ST/STM32CubeIDE_1.14.0/STM32CubeIDE/plugins/com.st.stm32cube.ide.mcu.externaltools.gnu-tools-for-stm32.11.3.rel1.win32_1.1.100.202309141235/tools/bin/../lib/gcc/arm-none-eabi/11.3.1/../../../../arm-none-eabi/lib/thumb/v7e-m+fp/hard\libnosys.a
END GROUP
START GROUP
LOAD C:/ST/STM32CubeIDE_1.14.0/STM32CubeIDE/plugins/com.st.stm32cube.ide.mcu.externaltools.gnu-tools-for-stm32.11.3.rel1.win32_1.1.100.202309141235/tools/bin/../lib/gcc/arm-none-eabi/11.3.1/thumb/v7e-m+fp/hard\libgcc.a
LOAD C:/ST/STM32CubeIDE_1.14.0/STM32CubeIDE/plugins/com.st.stm32cube.ide.mcu.externaltools.gnu-tools-for-stm32.11.3.rel1.win32_1.1.100.202309141235/tools/bin/../lib/gcc/arm-none-eabi/11.3.1/../../../../arm-none-eabi/lib/thumb/v7e-m+fp/hard\libc_nano.a
LOAD C:/ST/STM32CubeIDE_1.14.0/STM32CubeIDE/plugins/com.st.stm32cube.ide.mcu.externaltools.gnu-tools-for-stm32.11.3.rel1.win32_1.1.100.202309141235/tools/bin/../lib/gcc/arm-none-eabi/11.3.1/../../../../arm-none-eabi/lib/thumb/v7e-m+fp/hard\libnosys.a
END GROUP
LOAD C:/ST/STM32CubeIDE_1.14.0/STM32CubeIDE/plugins/com.st.stm32cube.ide.mcu.externaltools.gnu-tools-for-stm32.11.3.rel1.win32_1.1.100.202309141235/tools/bin/../lib/gcc/arm-none-eabi/11.3.1/thumb/v7e-m+fp/hard/crtend.o
LOAD C:/ST/STM32CubeIDE_1.14.0/STM32CubeIDE/plugins/com.st.stm32cube.ide.mcu.externaltools.gnu-tools-for-stm32.11.3.rel1.win32_1.1.100.202309141235/tools/bin/../lib/gcc/arm-none-eabi/11.3.1/thumb/v7e-m+fp/hard/crtn.o
                0x0000000020020000                _estack = (ORIGIN (RAM) + LENGTH (RAM))
                0x0000000000000200                _Min_Heap_Size = 0x200
                0x0000000000000400                _Min_Stack_Size = 0x400

.isr_vector     0x0000000008000000      0x188
                0x0000000008000000                . = ALIGN (0x4)
 *(.isr_vector)
 .isr_vector    0x0000000008000000      0x188 ./Core/Startup/startup_stm32f407vgtx.o
                0x0000000008000000                g_pfnVectors
                0x0000000008000188                . = ALIGN (0x4)

.text           0x0000000008000188     0x46b0
                0x0000000008000188                . = ALIGN (0x4)
 *(.text)
 .text          0x0000000008000188       0x40 C:/ST/STM32CubeIDE_1.14.0/STM32CubeIDE/plugins/com.st.stm32cube.ide.mcu.externaltools.gnu-tools-for-stm32.11.3.rel1.win32_1.1.100.202309141235/tools/bin/../lib/gcc/arm-none-eabi/11.3.1/thumb/v7e-m+fp/hard/crtbegin.o
 .text          0x00000000080001c8       0x30 C:/ST/STM32CubeIDE_1.14.0/STM32CubeIDE/plugins/com.st.stm32cube.ide.mcu.externaltools.gnu-tools-for-stm32.11.3.rel1.win32_1.1.100.202309141235/tools/bin/../lib/gcc/arm-none-eabi/11.3.1/thumb/v7e-m+fp/hard\libgcc.a(_aeabi_uldivmod.o)
                0x00000000080001c8                __aeabi_uldivmod
 .text          0x00000000080001f8      0x2c8 C:/ST/STM32CubeIDE_1.14.0/STM32CubeIDE/plugins/com.st.stm32cube.ide.mcu.externaltools.gnu-tools-for-stm32.11.3.rel1.win32_1.1.100.202309141235/tools/bin/../lib/gcc/arm-none-eabi/11.3.1/thumb/v7e-m+fp/hard\libgcc.a(_udivmoddi4.o)
                0x00000000080001f8                __udivmoddi4
 .text          0x00000000080004c0        0x4 C:/ST/STM32CubeIDE_1.14.0/STM32CubeIDE/plugins/com.st.stm32cube.ide.mcu.externaltools.gnu-tools-for-stm32.11.3.rel1.win32_1.1.100.202309141235/tools/bin/../lib/gcc/arm-none-eabi/11.3.1/thumb/v7e-m+fp/hard\libgcc.a(_dvmd_tls.o)
                0x00000000080004c0                __aeabi_idiv0
                0x00000000080004c0                __aeabi_ldiv0
 *(.text*)
 .text.AppInit  0x00000000080004c4        0xc ./App/app.o
                0x00000000080004c4                AppInit
 .text.AppTask  0x00000000080004d0        0xc ./App/app.o
                0x00000000080004d0                AppTask
 .text.LL_GPIO_IsInputPinSet
                0x00000000080004dc       0x2a ./App/hooks.o
 *fill*         0x0000000008000506        0x2 
 .text.CpuUserProgramStartHook
                0x0000000008000508       0x24 ./App/hooks.o
                0x0000000008000508                CpuUserProgramStartHook
 .text.CopInitHook
                0x000000000800052c        0xe ./App/hooks.o
                0x000000000800052c                CopInitHook
 .text.CopServiceHook
                0x000000000800053a        0xc ./App/hooks.o
                0x000000000800053a                CopServiceHook
 .text.XcpGetSeedHook
                0x0000000008000546       0x2a ./App/hooks.o
                0x0000000008000546                XcpGetSeedHook
 .text.XcpVerifyKeyHook
                0x0000000008000570       0x30 ./App/hooks.o
                0x0000000008000570                XcpVerifyKeyHook
 .text.LL_GPIO_SetOutputPin
                0x00000000080005a0       0x1c ./App/led.o
 .text.LL_GPIO_ResetOutputPin
                0x00000000080005bc       0x1e ./App/led.o
 *fill*         0x00000000080005da        0x2 
 .text.LedBlinkInit
                0x00000000080005dc       0x20 ./App/led.o
                0x00000000080005dc                LedBlinkInit
 .text.LedBlinkTask
                0x00000000080005fc       0x60 ./App/led.o
                0x00000000080005fc                LedBlinkTask
 .text.LedBlinkExit
                0x000000000800065c       0x18 ./App/led.o
                0x000000000800065c                LedBlinkExit
 .text.main     0x0000000008000674       0x1e ./Core/Src/main.o
                0x0000000008000674                main
 *fill*         0x0000000008000692        0x2 
 .text.SystemClock_Config
                0x0000000008000694       0xd4 ./Core/Src/main.o
                0x0000000008000694                SystemClock_Config
 .text.MX_USART2_UART_Init
                0x0000000008000768       0x54 ./Core/Src/main.o
 .text.MX_GPIO_Init
                0x00000000080007bc       0xc0 ./Core/Src/main.o
 .text.Error_Handler
                0x000000000800087c        0xa ./Core/Src/main.o
                0x000000000800087c                Error_Handler
 *fill*         0x0000000008000886        0x2 
 .text.HAL_MspInit
                0x0000000008000888       0x50 ./Core/Src/stm32f4xx_hal_msp.o
                0x0000000008000888                HAL_MspInit
 .text.HAL_UART_MspInit
                0x00000000080008d8       0x90 ./Core/Src/stm32f4xx_hal_msp.o
                0x00000000080008d8                HAL_UART_MspInit
 .text.NMI_Handler
                0x0000000008000968        0x6 ./Core/Src/stm32f4xx_it.o
                0x0000000008000968                NMI_Handler
 .text.HardFault_Handler
                0x000000000800096e        0x6 ./Core/Src/stm32f4xx_it.o
                0x000000000800096e                HardFault_Handler
 .text.MemManage_Handler
                0x0000000008000974        0x6 ./Core/Src/stm32f4xx_it.o
                0x0000000008000974                MemManage_Handler
 .text.BusFault_Handler
                0x000000000800097a        0x6 ./Core/Src/stm32f4xx_it.o
                0x000000000800097a                BusFault_Handler
 .text.UsageFault_Handler
                0x0000000008000980        0x6 ./Core/Src/stm32f4xx_it.o
                0x0000000008000980                UsageFault_Handler
 .text.SVC_Handler
                0x0000000008000986        0xe ./Core/Src/stm32f4xx_it.o
                0x0000000008000986                SVC_Handler
 .text.DebugMon_Handler
                0x0000000008000994        0xe ./Core/Src/stm32f4xx_it.o
                0x0000000008000994                DebugMon_Handler
 .text.PendSV_Handler
                0x00000000080009a2        0xe ./Core/Src/stm32f4xx_it.o
                0x00000000080009a2                PendSV_Handler
 .text.SysTick_Handler
                0x00000000080009b0        0xc ./Core/Src/stm32f4xx_it.o
                0x00000000080009b0                SysTick_Handler
 .text.SystemInit
                0x00000000080009bc       0x24 ./Core/Src/system_stm32f4xx.o
                0x00000000080009bc                SystemInit
 .text.Reset_Handler
                0x00000000080009e0       0x50 ./Core/Startup/startup_stm32f407vgtx.o
                0x00000000080009e0                Reset_Handler
 .text.Default_Handler
                0x0000000008000a30        0x2 ./Core/Startup/startup_stm32f407vgtx.o
                0x0000000008000a30                RTC_Alarm_IRQHandler
                0x0000000008000a30                HASH_RNG_IRQHandler
                0x0000000008000a30                EXTI2_IRQHandler
                0x0000000008000a30                TIM8_CC_IRQHandler
                0x0000000008000a30                TIM1_CC_IRQHandler
                0x0000000008000a30                DMA2_Stream5_IRQHandler
                0x0000000008000a30                DMA1_Stream5_IRQHandler
                0x0000000008000a30                PVD_IRQHandler
                0x0000000008000a30                SDIO_IRQHandler
                0x0000000008000a30                TAMP_STAMP_IRQHandler
                0x0000000008000a30                CAN2_RX1_IRQHandler
                0x0000000008000a30                EXTI3_IRQHandler
                0x0000000008000a30                TIM8_TRG_COM_TIM14_IRQHandler
                0x0000000008000a30                TIM1_UP_TIM10_IRQHandler
                0x0000000008000a30                TIM8_UP_TIM13_IRQHandler
                0x0000000008000a30                I2C3_ER_IRQHandler
                0x0000000008000a30                EXTI0_IRQHandler
                0x0000000008000a30                I2C2_EV_IRQHandler
                0x0000000008000a30                DMA1_Stream2_IRQHandler
                0x0000000008000a30                CAN1_RX0_IRQHandler
                0x0000000008000a30                FPU_IRQHandler
                0x0000000008000a30                OTG_HS_WKUP_IRQHandler
                0x0000000008000a30                CAN2_SCE_IRQHandler
                0x0000000008000a30                DMA2_Stream2_IRQHandler
                0x0000000008000a30                SPI1_IRQHandler
                0x0000000008000a30                TIM6_DAC_IRQHandler
                0x0000000008000a30                TIM1_BRK_TIM9_IRQHandler
                0x0000000008000a30                DCMI_IRQHandler
                0x0000000008000a30                CAN2_RX0_IRQHandler
                0x0000000008000a30                DMA2_Stream3_IRQHandler
                0x0000000008000a30                USART6_IRQHandler
                0x0000000008000a30                USART3_IRQHandler
                0x0000000008000a30                CAN1_RX1_IRQHandler
                0x0000000008000a30                UART5_IRQHandler
                0x0000000008000a30                DMA2_Stream0_IRQHandler
                0x0000000008000a30                TIM4_IRQHandler
                0x0000000008000a30                I2C1_EV_IRQHandler
                0x0000000008000a30                DMA1_Stream6_IRQHandler
                0x0000000008000a30                DMA1_Stream1_IRQHandler
                0x0000000008000a30                UART4_IRQHandler
                0x0000000008000a30                TIM3_IRQHandler
                0x0000000008000a30                RCC_IRQHandler
                0x0000000008000a30                TIM8_BRK_TIM12_IRQHandler
                0x0000000008000a30                Default_Handler
                0x0000000008000a30                EXTI15_10_IRQHandler
                0x0000000008000a30                ADC_IRQHandler
                0x0000000008000a30                DMA1_Stream7_IRQHandler
                0x0000000008000a30                TIM7_IRQHandler
                0x0000000008000a30                CAN2_TX_IRQHandler
                0x0000000008000a30                TIM5_IRQHandler
                0x0000000008000a30                DMA2_Stream7_IRQHandler
                0x0000000008000a30                I2C3_EV_IRQHandler
                0x0000000008000a30                EXTI9_5_IRQHandler
                0x0000000008000a30                RTC_WKUP_IRQHandler
                0x0000000008000a30                ETH_WKUP_IRQHandler
                0x0000000008000a30                SPI2_IRQHandler
                0x0000000008000a30                OTG_HS_EP1_IN_IRQHandler
                0x0000000008000a30                DMA1_Stream0_IRQHandler
                0x0000000008000a30                CAN1_TX_IRQHandler
                0x0000000008000a30                EXTI4_IRQHandler
                0x0000000008000a30                FSMC_IRQHandler
                0x0000000008000a30                ETH_IRQHandler
                0x0000000008000a30                OTG_HS_EP1_OUT_IRQHandler
                0x0000000008000a30                WWDG_IRQHandler
                0x0000000008000a30                TIM2_IRQHandler
                0x0000000008000a30                OTG_FS_WKUP_IRQHandler
                0x0000000008000a30                TIM1_TRG_COM_TIM11_IRQHandler
                0x0000000008000a30                OTG_HS_IRQHandler
                0x0000000008000a30                EXTI1_IRQHandler
                0x0000000008000a30                USART2_IRQHandler
                0x0000000008000a30                I2C2_ER_IRQHandler
                0x0000000008000a30                DMA2_Stream1_IRQHandler
                0x0000000008000a30                CAN1_SCE_IRQHandler
                0x0000000008000a30                FLASH_IRQHandler
                0x0000000008000a30                DMA2_Stream4_IRQHandler
                0x0000000008000a30                USART1_IRQHandler
                0x0000000008000a30                OTG_FS_IRQHandler
                0x0000000008000a30                SPI3_IRQHandler
                0x0000000008000a30                DMA1_Stream4_IRQHandler
                0x0000000008000a30                I2C1_ER_IRQHandler
                0x0000000008000a30                DMA2_Stream6_IRQHandler
                0x0000000008000a30                DMA1_Stream3_IRQHandler
 *fill*         0x0000000008000a32        0x2 
 .text.HAL_Init
                0x0000000008000a34       0x44 ./Drivers/STM32F4xx_HAL_Driver/Src/stm32f4xx_hal.o
                0x0000000008000a34                HAL_Init
 .text.HAL_DeInit
                0x0000000008000a78       0x5c ./Drivers/STM32F4xx_HAL_Driver/Src/stm32f4xx_hal.o
                0x0000000008000a78                HAL_DeInit
 .text.HAL_MspDeInit
                0x0000000008000ad4        0xe ./Drivers/STM32F4xx_HAL_Driver/Src/stm32f4xx_hal.o
                0x0000000008000ad4                HAL_MspDeInit
 *fill*         0x0000000008000ae2        0x2 
 .text.HAL_InitTick
                0x0000000008000ae4       0x60 ./Drivers/STM32F4xx_HAL_Driver/Src/stm32f4xx_hal.o
                0x0000000008000ae4                HAL_InitTick
 .text.HAL_IncTick
                0x0000000008000b44       0x28 ./Drivers/STM32F4xx_HAL_Driver/Src/stm32f4xx_hal.o
                0x0000000008000b44                HAL_IncTick
 .text.__NVIC_SetPriorityGrouping
                0x0000000008000b6c       0x48 ./Drivers/STM32F4xx_HAL_Driver/Src/stm32f4xx_hal_cortex.o
 .text.__NVIC_GetPriorityGrouping
                0x0000000008000bb4       0x1c ./Drivers/STM32F4xx_HAL_Driver/Src/stm32f4xx_hal_cortex.o
 .text.__NVIC_SetPriority
                0x0000000008000bd0       0x54 ./Drivers/STM32F4xx_HAL_Driver/Src/stm32f4xx_hal_cortex.o
 .text.NVIC_EncodePriority
                0x0000000008000c24       0x66 ./Drivers/STM32F4xx_HAL_Driver/Src/stm32f4xx_hal_cortex.o
 *fill*         0x0000000008000c8a        0x2 
 .text.SysTick_Config
                0x0000000008000c8c       0x44 ./Drivers/STM32F4xx_HAL_Driver/Src/stm32f4xx_hal_cortex.o
 .text.HAL_NVIC_SetPriorityGrouping
                0x0000000008000cd0       0x16 ./Drivers/STM32F4xx_HAL_Driver/Src/stm32f4xx_hal_cortex.o
                0x0000000008000cd0                HAL_NVIC_SetPriorityGrouping
 .text.HAL_NVIC_SetPriority
                0x0000000008000ce6       0x38 ./Drivers/STM32F4xx_HAL_Driver/Src/stm32f4xx_hal_cortex.o
                0x0000000008000ce6                HAL_NVIC_SetPriority
 .text.HAL_SYSTICK_Config
                0x0000000008000d1e       0x18 ./Drivers/STM32F4xx_HAL_Driver/Src/stm32f4xx_hal_cortex.o
                0x0000000008000d1e                HAL_SYSTICK_Config
 *fill*         0x0000000008000d36        0x2 
 .text.HAL_FLASH_Program
                0x0000000008000d38       0xa8 ./Drivers/STM32F4xx_HAL_Driver/Src/stm32f4xx_hal_flash.o
                0x0000000008000d38                HAL_FLASH_Program
 .text.HAL_FLASH_Unlock
                0x0000000008000de0       0x44 ./Drivers/STM32F4xx_HAL_Driver/Src/stm32f4xx_hal_flash.o
                0x0000000008000de0                HAL_FLASH_Unlock
 .text.HAL_FLASH_Lock
                0x0000000008000e24       0x20 ./Drivers/STM32F4xx_HAL_Driver/Src/stm32f4xx_hal_flash.o
                0x0000000008000e24                HAL_FLASH_Lock
 .text.FLASH_WaitForLastOperation
                0x0000000008000e44       0x80 ./Drivers/STM32F4xx_HAL_Driver/Src/stm32f4xx_hal_flash.o
                0x0000000008000e44                FLASH_WaitForLastOperation
 .text.FLASH_Program_DoubleWord
                0x0000000008000ec4       0x64 ./Drivers/STM32F4xx_HAL_Driver/Src/stm32f4xx_hal_flash.o
 .text.FLASH_Program_Word
                0x0000000008000f28       0x44 ./Drivers/STM32F4xx_HAL_Driver/Src/stm32f4xx_hal_flash.o
 .text.FLASH_Program_HalfWord
                0x0000000008000f6c       0x48 ./Drivers/STM32F4xx_HAL_Driver/Src/stm32f4xx_hal_flash.o
 .text.FLASH_Program_Byte
                0x0000000008000fb4       0x44 ./Drivers/STM32F4xx_HAL_Driver/Src/stm32f4xx_hal_flash.o
 .text.FLASH_SetErrorCode
                0x0000000008000ff8       0xac ./Drivers/STM32F4xx_HAL_Driver/Src/stm32f4xx_hal_flash.o
 .text.HAL_FLASHEx_Erase
                0x00000000080010a4       0xe0 ./Drivers/STM32F4xx_HAL_Driver/Src/stm32f4xx_hal_flash_ex.o
                0x00000000080010a4                HAL_FLASHEx_Erase
 .text.FLASH_MassErase
                0x0000000008001184       0x48 ./Drivers/STM32F4xx_HAL_Driver/Src/stm32f4xx_hal_flash_ex.o
 .text.FLASH_Erase_Sector
                0x00000000080011cc       0x90 ./Drivers/STM32F4xx_HAL_Driver/Src/stm32f4xx_hal_flash_ex.o
                0x00000000080011cc                FLASH_Erase_Sector
 .text.FLASH_FlushCaches
                0x000000000800125c       0x8c ./Drivers/STM32F4xx_HAL_Driver/Src/stm32f4xx_hal_flash_ex.o
                0x000000000800125c                FLASH_FlushCaches
 .text.HAL_GPIO_Init
                0x00000000080012e8      0x338 ./Drivers/STM32F4xx_HAL_Driver/Src/stm32f4xx_hal_gpio.o
                0x00000000080012e8                HAL_GPIO_Init
 .text.HAL_GPIO_WritePin
                0x0000000008001620       0x32 ./Drivers/STM32F4xx_HAL_Driver/Src/stm32f4xx_hal_gpio.o
                0x0000000008001620                HAL_GPIO_WritePin
 *fill*         0x0000000008001652        0x2 
 .text.HAL_RCC_OscConfig
                0x0000000008001654      0x4f0 ./Drivers/STM32F4xx_HAL_Driver/Src/stm32f4xx_hal_rcc.o
                0x0000000008001654                HAL_RCC_OscConfig
 .text.HAL_RCC_ClockConfig
                0x0000000008001b44      0x1cc ./Drivers/STM32F4xx_HAL_Driver/Src/stm32f4xx_hal_rcc.o
                0x0000000008001b44                HAL_RCC_ClockConfig
 .text.HAL_RCC_GetSysClockFreq
                0x0000000008001d10      0x20c ./Drivers/STM32F4xx_HAL_Driver/Src/stm32f4xx_hal_rcc.o
                0x0000000008001d10                HAL_RCC_GetSysClockFreq
 .text.HAL_RCC_GetHCLKFreq
                0x0000000008001f1c       0x18 ./Drivers/STM32F4xx_HAL_Driver/Src/stm32f4xx_hal_rcc.o
                0x0000000008001f1c                HAL_RCC_GetHCLKFreq
 .text.HAL_RCC_GetPCLK1Freq
                0x0000000008001f34       0x28 ./Drivers/STM32F4xx_HAL_Driver/Src/stm32f4xx_hal_rcc.o
                0x0000000008001f34                HAL_RCC_GetPCLK1Freq
 .text.HAL_RCC_GetPCLK2Freq
                0x0000000008001f5c       0x28 ./Drivers/STM32F4xx_HAL_Driver/Src/stm32f4xx_hal_rcc.o
                0x0000000008001f5c                HAL_RCC_GetPCLK2Freq
 .text.HAL_UART_Init
                0x0000000008001f84       0xa0 ./Drivers/STM32F4xx_HAL_Driver/Src/stm32f4xx_hal_uart.o
                0x0000000008001f84                HAL_UART_Init
 .text.UART_SetConfig
                0x0000000008002024      0x4e8 ./Drivers/STM32F4xx_HAL_Driver/Src/stm32f4xx_hal_uart.o
 .text.LL_RCC_GetSysClkSource
                0x000000000800250c       0x1c ./Drivers/STM32F4xx_HAL_Driver/Src/stm32f4xx_ll_rcc.o
 .text.LL_RCC_GetAHBPrescaler
                0x0000000008002528       0x1c ./Drivers/STM32F4xx_HAL_Driver/Src/stm32f4xx_ll_rcc.o
 .text.LL_RCC_GetAPB1Prescaler
                0x0000000008002544       0x1c ./Drivers/STM32F4xx_HAL_Driver/Src/stm32f4xx_ll_rcc.o
 .text.LL_RCC_GetAPB2Prescaler
                0x0000000008002560       0x1c ./Drivers/STM32F4xx_HAL_Driver/Src/stm32f4xx_ll_rcc.o
 .text.LL_RCC_PLL_GetMainSource
                0x000000000800257c       0x1c ./Drivers/STM32F4xx_HAL_Driver/Src/stm32f4xx_ll_rcc.o
 .text.LL_RCC_PLL_GetN
                0x0000000008002598       0x1c ./Drivers/STM32F4xx_HAL_Driver/Src/stm32f4xx_ll_rcc.o
 .text.LL_RCC_PLL_GetP
                0x00000000080025b4       0x1c ./Drivers/STM32F4xx_HAL_Driver/Src/stm32f4xx_ll_rcc.o
 .text.LL_RCC_PLL_GetDivider
                0x00000000080025d0       0x1c ./Drivers/STM32F4xx_HAL_Driver/Src/stm32f4xx_ll_rcc.o
 .text.LL_RCC_GetSystemClocksFreq
                0x00000000080025ec       0x4a ./Drivers/STM32F4xx_HAL_Driver/Src/stm32f4xx_ll_rcc.o
                0x00000000080025ec                LL_RCC_GetSystemClocksFreq
 *fill*         0x0000000008002636        0x2 
 .text.RCC_GetSystemClockFreq
                0x0000000008002638       0x50 ./Drivers/STM32F4xx_HAL_Driver/Src/stm32f4xx_ll_rcc.o
                0x0000000008002638                RCC_GetSystemClockFreq
 .text.RCC_GetHCLKClockFreq
                0x0000000008002688       0x2c ./Drivers/STM32F4xx_HAL_Driver/Src/stm32f4xx_ll_rcc.o
                0x0000000008002688                RCC_GetHCLKClockFreq
 .text.RCC_GetPCLK1ClockFreq
                0x00000000080026b4       0x28 ./Drivers/STM32F4xx_HAL_Driver/Src/stm32f4xx_ll_rcc.o
                0x00000000080026b4                RCC_GetPCLK1ClockFreq
 .text.RCC_GetPCLK2ClockFreq
                0x00000000080026dc       0x28 ./Drivers/STM32F4xx_HAL_Driver/Src/stm32f4xx_ll_rcc.o
                0x00000000080026dc                RCC_GetPCLK2ClockFreq
 .text.RCC_PLL_GetFreqDomain_SYS
                0x0000000008002704       0x7c ./Drivers/STM32F4xx_HAL_Driver/Src/stm32f4xx_ll_rcc.o
                0x0000000008002704                RCC_PLL_GetFreqDomain_SYS
 .text.LL_USART_IsEnabled
                0x0000000008002780       0x28 ./Drivers/STM32F4xx_HAL_Driver/Src/stm32f4xx_ll_usart.o
 .text.LL_USART_SetStopBitsLength
                0x00000000080027a8       0x26 ./Drivers/STM32F4xx_HAL_Driver/Src/stm32f4xx_ll_usart.o
 .text.LL_USART_SetHWFlowCtrl
                0x00000000080027ce       0x26 ./Drivers/STM32F4xx_HAL_Driver/Src/stm32f4xx_ll_usart.o
 .text.LL_USART_SetBaudRate
                0x00000000080027f4      0x45c ./Drivers/STM32F4xx_HAL_Driver/Src/stm32f4xx_ll_usart.o
 .text.LL_USART_Init
                0x0000000008002c50      0x100 ./Drivers/STM32F4xx_HAL_Driver/Src/stm32f4xx_ll_usart.o
                0x0000000008002c50                LL_USART_Init
 .text.CpuIrqDisable
                0x0000000008002d50       0x10 ./Loader/ARMCM4_STM32F4/GCC/cpu_comp.o
                0x0000000008002d50                CpuIrqDisable
 .text.CpuIrqEnable
                0x0000000008002d60       0x10 ./Loader/ARMCM4_STM32F4/GCC/cpu_comp.o
                0x0000000008002d60                CpuIrqEnable
 .text.CpuInit  0x0000000008002d70        0xc ./Loader/ARMCM4_STM32F4/cpu.o
                0x0000000008002d70                CpuInit
 .text.CpuStartUserProgram
                0x0000000008002d7c       0x60 ./Loader/ARMCM4_STM32F4/cpu.o
                0x0000000008002d7c                CpuStartUserProgram
 .text.CpuMemCopy
                0x0000000008002ddc       0x40 ./Loader/ARMCM4_STM32F4/cpu.o
                0x0000000008002ddc                CpuMemCopy
 .text.CpuMemSet
                0x0000000008002e1c       0x38 ./Loader/ARMCM4_STM32F4/cpu.o
                0x0000000008002e1c                CpuMemSet
 .text.FlashInit
                0x0000000008002e54       0x28 ./Loader/ARMCM4_STM32F4/flash.o
                0x0000000008002e54                FlashInit
 .text.FlashWrite
                0x0000000008002e7c       0x94 ./Loader/ARMCM4_STM32F4/flash.o
                0x0000000008002e7c                FlashWrite
 .text.FlashErase
                0x0000000008002f10       0x6c ./Loader/ARMCM4_STM32F4/flash.o
                0x0000000008002f10                FlashErase
 .text.FlashWriteChecksum
                0x0000000008002f7c       0xa8 ./Loader/ARMCM4_STM32F4/flash.o
                0x0000000008002f7c                FlashWriteChecksum
 .text.FlashVerifyChecksum
                0x0000000008003024       0x88 ./Loader/ARMCM4_STM32F4/flash.o
                0x0000000008003024                FlashVerifyChecksum
 .text.FlashDone
                0x00000000080030ac       0x48 ./Loader/ARMCM4_STM32F4/flash.o
                0x00000000080030ac                FlashDone
 .text.FlashGetUserProgBaseAddress
                0x00000000080030f4       0x14 ./Loader/ARMCM4_STM32F4/flash.o
                0x00000000080030f4                FlashGetUserProgBaseAddress
 .text.FlashInitBlock
                0x0000000008003108       0x46 ./Loader/ARMCM4_STM32F4/flash.o
 *fill*         0x000000000800314e        0x2 
 .text.FlashSwitchBlock
                0x0000000008003150       0x64 ./Loader/ARMCM4_STM32F4/flash.o
 .text.FlashAddToBlock
                0x00000000080031b4       0xc4 ./Loader/ARMCM4_STM32F4/flash.o
 .text.FlashWriteBlock
                0x0000000008003278       0x7e ./Loader/ARMCM4_STM32F4/flash.o
 *fill*         0x00000000080032f6        0x2 
 .text.FlashEmptyCheckSector
                0x00000000080032f8       0xd4 ./Loader/ARMCM4_STM32F4/flash.o
 .text.FlashEraseSectors
                0x00000000080033cc       0xba ./Loader/ARMCM4_STM32F4/flash.o
 *fill*         0x0000000008003486        0x2 
 .text.FlashGetSector
                0x0000000008003488       0x88 ./Loader/ARMCM4_STM32F4/flash.o
 .text.NvmInit  0x0000000008003510        0xc ./Loader/ARMCM4_STM32F4/nvm.o
                0x0000000008003510                NvmInit
 .text.NvmWrite
                0x000000000800351c       0x20 ./Loader/ARMCM4_STM32F4/nvm.o
                0x000000000800351c                NvmWrite
 .text.NvmErase
                0x000000000800353c       0x1c ./Loader/ARMCM4_STM32F4/nvm.o
                0x000000000800353c                NvmErase
 .text.NvmVerifyChecksum
                0x0000000008003558        0xe ./Loader/ARMCM4_STM32F4/nvm.o
                0x0000000008003558                NvmVerifyChecksum
 .text.NvmGetUserProgBaseAddress
                0x0000000008003566        0xe ./Loader/ARMCM4_STM32F4/nvm.o
                0x0000000008003566                NvmGetUserProgBaseAddress
 .text.NvmDone  0x0000000008003574       0x1c ./Loader/ARMCM4_STM32F4/nvm.o
                0x0000000008003574                NvmDone
 .text.LL_USART_Enable
                0x0000000008003590       0x20 ./Loader/ARMCM4_STM32F4/rs232.o
 .text.LL_USART_Disable
                0x00000000080035b0       0x20 ./Loader/ARMCM4_STM32F4/rs232.o
 .text.LL_USART_IsActiveFlag_RXNE
                0x00000000080035d0       0x26 ./Loader/ARMCM4_STM32F4/rs232.o
 .text.LL_USART_IsActiveFlag_TXE
                0x00000000080035f6       0x26 ./Loader/ARMCM4_STM32F4/rs232.o
 .text.LL_USART_ReceiveData8
                0x000000000800361c       0x1a ./Loader/ARMCM4_STM32F4/rs232.o
 .text.LL_USART_TransmitData8
                0x0000000008003636       0x1e ./Loader/ARMCM4_STM32F4/rs232.o
 .text.Rs232Init
                0x0000000008003654       0x48 ./Loader/ARMCM4_STM32F4/rs232.o
                0x0000000008003654                Rs232Init
 .text.Rs232TransmitPacket
                0x000000000800369c       0x58 ./Loader/ARMCM4_STM32F4/rs232.o
                0x000000000800369c                Rs232TransmitPacket
 .text.Rs232ReceivePacket
                0x00000000080036f4       0xcc ./Loader/ARMCM4_STM32F4/rs232.o
                0x00000000080036f4                Rs232ReceivePacket
 .text.Rs232ReceiveByte
                0x00000000080037c0       0x34 ./Loader/ARMCM4_STM32F4/rs232.o
 .text.Rs232TransmitByte
                0x00000000080037f4       0x4c ./Loader/ARMCM4_STM32F4/rs232.o
 .text.TimerInit
                0x0000000008003840       0x30 ./Loader/ARMCM4_STM32F4/timer.o
                0x0000000008003840                TimerInit
 .text.TimerReset
                0x0000000008003870       0x24 ./Loader/ARMCM4_STM32F4/timer.o
                0x0000000008003870                TimerReset
 .text.TimerUpdate
                0x0000000008003894       0x2c ./Loader/ARMCM4_STM32F4/timer.o
                0x0000000008003894                TimerUpdate
 .text.TimerGet
                0x00000000080038c0       0x14 ./Loader/ARMCM4_STM32F4/timer.o
                0x00000000080038c0                TimerGet
 .text.HAL_GetTick
                0x00000000080038d4        0xe ./Loader/ARMCM4_STM32F4/timer.o
                0x00000000080038d4                HAL_GetTick
 .text.AssertFailure
                0x00000000080038e2       0x10 ./Loader/asserts.o
                0x00000000080038e2                AssertFailure
 *fill*         0x00000000080038f2        0x2 
 .text.BackDoorInit
                0x00000000080038f4       0x1c ./Loader/backdoor.o
                0x00000000080038f4                BackDoorInit
 .text.BackDoorCheck
                0x0000000008003910       0x4c ./Loader/backdoor.o
                0x0000000008003910                BackDoorCheck
 .text.BackDoorRestartTimer
                0x000000000800395c       0x24 ./Loader/backdoor.o
                0x000000000800395c                BackDoorRestartTimer
 .text.BootInit
                0x0000000008003980       0x20 ./Loader/boot.o
                0x0000000008003980                BootInit
 .text.BootTask
                0x00000000080039a0       0x18 ./Loader/boot.o
                0x00000000080039a0                BootTask
 .text.ComInit  0x00000000080039b8       0x1c ./Loader/com.o
                0x00000000080039b8                ComInit
 .text.ComTask  0x00000000080039d4       0x38 ./Loader/com.o
                0x00000000080039d4                ComTask
 .text.ComFree  0x0000000008003a0c        0xe ./Loader/com.o
                0x0000000008003a0c                ComFree
 *fill*         0x0000000008003a1a        0x2 
 .text.ComTransmitPacket
                0x0000000008003a1c       0x30 ./Loader/com.o
                0x0000000008003a1c                ComTransmitPacket
 .text.ComGetActiveInterfaceMaxRxLen
                0x0000000008003a4c       0x54 ./Loader/com.o
                0x0000000008003a4c                ComGetActiveInterfaceMaxRxLen
 .text.ComGetActiveInterfaceMaxTxLen
                0x0000000008003aa0       0x54 ./Loader/com.o
                0x0000000008003aa0                ComGetActiveInterfaceMaxTxLen
 .text.ComIsConnected
                0x0000000008003af4       0x22 ./Loader/com.o
                0x0000000008003af4                ComIsConnected
 .text.CopInit  0x0000000008003b16        0xc ./Loader/cop.o
                0x0000000008003b16                CopInit
 .text.CopService
                0x0000000008003b22        0xc ./Loader/cop.o
                0x0000000008003b22                CopService
 *fill*         0x0000000008003b2e        0x2 
 .text.XcpInit  0x0000000008003b30       0x44 ./Loader/xcp.o
                0x0000000008003b30                XcpInit
 .text.XcpIsConnected
                0x0000000008003b74       0x24 ./Loader/xcp.o
                0x0000000008003b74                XcpIsConnected
 .text.XcpPacketTransmitted
                0x0000000008003b98       0x1c ./Loader/xcp.o
                0x0000000008003b98                XcpPacketTransmitted
 .text.XcpPacketReceived
                0x0000000008003bb4      0x1dc ./Loader/xcp.o
                0x0000000008003bb4                XcpPacketReceived
 .text.XcpTransmitPacket
                0x0000000008003d90       0x1e ./Loader/xcp.o
 .text.XcpComputeChecksum
                0x0000000008003dae       0x40 ./Loader/xcp.o
 .text.XcpGetSeed
                0x0000000008003dee       0x20 ./Loader/xcp.o
 .text.XcpVerifyKey
                0x0000000008003e0e       0x26 ./Loader/xcp.o
 .text.XcpProtectResources
                0x0000000008003e34       0x2c ./Loader/xcp.o
 .text.XcpSetCtoError
                0x0000000008003e60       0x30 ./Loader/xcp.o
 .text.XcpGetOrderedLong
                0x0000000008003e90       0x50 ./Loader/xcp.o
 .text.XcpSetOrderedLong
                0x0000000008003ee0       0x42 ./Loader/xcp.o
 *fill*         0x0000000008003f22        0x2 
 .text.XcpCmdConnect
                0x0000000008003f24       0x88 ./Loader/xcp.o
 .text.XcpCmdDisconnect
                0x0000000008003fac       0x30 ./Loader/xcp.o
 .text.XcpCmdGetStatus
                0x0000000008003fdc       0x48 ./Loader/xcp.o
 .text.XcpCmdSynch
                0x0000000008004024       0x16 ./Loader/xcp.o
 *fill*         0x000000000800403a        0x2 
 .text.XcpCmdGetId
                0x000000000800403c       0x50 ./Loader/xcp.o
 .text.XcpCmdSetMta
                0x000000000800408c       0x34 ./Loader/xcp.o
 .text.XcpCmdUpload
                0x00000000080040c0       0x98 ./Loader/xcp.o
 .text.XcpCmdShortUpload
                0x0000000008004158       0xac ./Loader/xcp.o
 .text.XcpCmdBuildCheckSum
                0x0000000008004204       0x68 ./Loader/xcp.o
 .text.XcpCmdGetSeed
                0x000000000800426c      0x1c4 ./Loader/xcp.o
 .text.XcpCmdUnlock
                0x0000000008004430      0x148 ./Loader/xcp.o
 .text.XcpCmdProgramStart
                0x0000000008004578       0x60 ./Loader/xcp.o
 .text.XcpCmdProgramMax
                0x00000000080045d8       0x78 ./Loader/xcp.o
 .text.XcpCmdProgram
                0x0000000008004650       0xac ./Loader/xcp.o
 .text.XcpCmdProgramClear
                0x00000000080046fc       0x60 ./Loader/xcp.o
 .text.XcpCmdProgramReset
                0x000000000800475c       0x3c ./Loader/xcp.o
 .text.XcpCmdProgramPrepare
                0x0000000008004798       0x30 ./Loader/xcp.o
 .text.memset   0x00000000080047c8       0x10 C:/ST/STM32CubeIDE_1.14.0/STM32CubeIDE/plugins/com.st.stm32cube.ide.mcu.externaltools.gnu-tools-for-stm32.11.3.rel1.win32_1.1.100.202309141235/tools/bin/../lib/gcc/arm-none-eabi/11.3.1/../../../../arm-none-eabi/lib/thumb/v7e-m+fp/hard\libc_nano.a(libc_a-memset.o)
                0x00000000080047c8                memset
 .text.__libc_init_array
                0x00000000080047d8       0x48 C:/ST/STM32CubeIDE_1.14.0/STM32CubeIDE/plugins/com.st.stm32cube.ide.mcu.externaltools.gnu-tools-for-stm32.11.3.rel1.win32_1.1.100.202309141235/tools/bin/../lib/gcc/arm-none-eabi/11.3.1/../../../../arm-none-eabi/lib/thumb/v7e-m+fp/hard\libc_nano.a(libc_a-init.o)
                0x00000000080047d8                __libc_init_array
 *(.glue_7)
 .glue_7        0x0000000008004820        0x0 linker stubs
 *(.glue_7t)
 .glue_7t       0x0000000008004820        0x0 linker stubs
 *(.eh_frame)
 .eh_frame      0x0000000008004820        0x0 C:/ST/STM32CubeIDE_1.14.0/STM32CubeIDE/plugins/com.st.stm32cube.ide.mcu.externaltools.gnu-tools-for-stm32.11.3.rel1.win32_1.1.100.202309141235/tools/bin/../lib/gcc/arm-none-eabi/11.3.1/thumb/v7e-m+fp/hard/crtbegin.o
 *(.init)
 .init          0x0000000008004820        0x4 C:/ST/STM32CubeIDE_1.14.0/STM32CubeIDE/plugins/com.st.stm32cube.ide.mcu.externaltools.gnu-tools-for-stm32.11.3.rel1.win32_1.1.100.202309141235/tools/bin/../lib/gcc/arm-none-eabi/11.3.1/thumb/v7e-m+fp/hard/crti.o
                0x0000000008004820                _init
 .init          0x0000000008004824        0x8 C:/ST/STM32CubeIDE_1.14.0/STM32CubeIDE/plugins/com.st.stm32cube.ide.mcu.externaltools.gnu-tools-for-stm32.11.3.rel1.win32_1.1.100.202309141235/tools/bin/../lib/gcc/arm-none-eabi/11.3.1/thumb/v7e-m+fp/hard/crtn.o
 *(.fini)
 .fini          0x000000000800482c        0x4 C:/ST/STM32CubeIDE_1.14.0/STM32CubeIDE/plugins/com.st.stm32cube.ide.mcu.externaltools.gnu-tools-for-stm32.11.3.rel1.win32_1.1.100.202309141235/tools/bin/../lib/gcc/arm-none-eabi/11.3.1/thumb/v7e-m+fp/hard/crti.o
                0x000000000800482c                _fini
 .fini          0x0000000008004830        0x8 C:/ST/STM32CubeIDE_1.14.0/STM32CubeIDE/plugins/com.st.stm32cube.ide.mcu.externaltools.gnu-tools-for-stm32.11.3.rel1.win32_1.1.100.202309141235/tools/bin/../lib/gcc/arm-none-eabi/11.3.1/thumb/v7e-m+fp/hard/crtn.o
                0x0000000008004838                . = ALIGN (0x4)
                0x0000000008004838                _etext = .

.vfp11_veneer   0x0000000008004838        0x0
 .vfp11_veneer  0x0000000008004838        0x0 linker stubs

.v4_bx          0x0000000008004838        0x0
 .v4_bx         0x0000000008004838        0x0 linker stubs

.iplt           0x0000000008004838        0x0
 .iplt          0x0000000008004838        0x0 C:/ST/STM32CubeIDE_1.14.0/STM32CubeIDE/plugins/com.st.stm32cube.ide.mcu.externaltools.gnu-tools-for-stm32.11.3.rel1.win32_1.1.100.202309141235/tools/bin/../lib/gcc/arm-none-eabi/11.3.1/thumb/v7e-m+fp/hard/crtbegin.o

.rodata         0x0000000008004838       0xf0
                0x0000000008004838                . = ALIGN (0x4)
 *(.rodata)
 .rodata        0x0000000008004838       0x21 ./Loader/ARMCM4_STM32F4/flash.o
 *fill*         0x0000000008004859        0x3 
 .rodata        0x000000000800485c       0x21 ./Loader/ARMCM4_STM32F4/rs232.o
 *fill*         0x000000000800487d        0x3 
 .rodata        0x0000000008004880       0x10 ./Loader/xcp.o
 *(.rodata*)
 .rodata.AHBPrescTable
                0x0000000008004890       0x10 ./Core/Src/system_stm32f4xx.o
                0x0000000008004890                AHBPrescTable
 .rodata.APBPrescTable
                0x00000000080048a0        0x8 ./Core/Src/system_stm32f4xx.o
                0x00000000080048a0                APBPrescTable
 .rodata.flashLayout
                0x00000000080048a8       0x78 ./Loader/ARMCM4_STM32F4/flash.o
 .rodata.xcpStationId
                0x0000000008004920        0x8 ./Loader/xcp.o
                0x0000000008004928                . = ALIGN (0x4)

.ARM.extab      0x0000000008004928        0x0
                0x0000000008004928                . = ALIGN (0x4)
 *(.ARM.extab* .gnu.linkonce.armextab.*)
                0x0000000008004928                . = ALIGN (0x4)

.ARM            0x0000000008004928        0x8
                0x0000000008004928                . = ALIGN (0x4)
                0x0000000008004928                __exidx_start = .
 *(.ARM.exidx*)
 .ARM.exidx     0x0000000008004928        0x8 C:/ST/STM32CubeIDE_1.14.0/STM32CubeIDE/plugins/com.st.stm32cube.ide.mcu.externaltools.gnu-tools-for-stm32.11.3.rel1.win32_1.1.100.202309141235/tools/bin/../lib/gcc/arm-none-eabi/11.3.1/thumb/v7e-m+fp/hard\libgcc.a(_udivmoddi4.o)
                0x0000000008004930                __exidx_end = .
                0x0000000008004930                . = ALIGN (0x4)

.rel.dyn        0x0000000008004930        0x0
 .rel.iplt      0x0000000008004930        0x0 C:/ST/STM32CubeIDE_1.14.0/STM32CubeIDE/plugins/com.st.stm32cube.ide.mcu.externaltools.gnu-tools-for-stm32.11.3.rel1.win32_1.1.100.202309141235/tools/bin/../lib/gcc/arm-none-eabi/11.3.1/thumb/v7e-m+fp/hard/crtbegin.o

.preinit_array  0x0000000008004930        0x0
                0x0000000008004930                . = ALIGN (0x4)
                0x0000000008004930                PROVIDE (__preinit_array_start = .)
 *(.preinit_array*)
                0x0000000008004930                PROVIDE (__preinit_array_end = .)
                0x0000000008004930                . = ALIGN (0x4)

.init_array     0x0000000008004930        0x4
                0x0000000008004930                . = ALIGN (0x4)
                0x0000000008004930                PROVIDE (__init_array_start = .)
 *(SORT_BY_NAME(.init_array.*))
 *(.init_array*)
 .init_array    0x0000000008004930        0x4 C:/ST/STM32CubeIDE_1.14.0/STM32CubeIDE/plugins/com.st.stm32cube.ide.mcu.externaltools.gnu-tools-for-stm32.11.3.rel1.win32_1.1.100.202309141235/tools/bin/../lib/gcc/arm-none-eabi/11.3.1/thumb/v7e-m+fp/hard/crtbegin.o
                0x0000000008004934                PROVIDE (__init_array_end = .)
                0x0000000008004934                . = ALIGN (0x4)

.fini_array     0x0000000008004934        0x4
                0x0000000008004934                . = ALIGN (0x4)
                [!provide]                        PROVIDE (__fini_array_start = .)
 *(SORT_BY_NAME(.fini_array.*))
 *(.fini_array*)
 .fini_array    0x0000000008004934        0x4 C:/ST/STM32CubeIDE_1.14.0/STM32CubeIDE/plugins/com.st.stm32cube.ide.mcu.externaltools.gnu-tools-for-stm32.11.3.rel1.win32_1.1.100.202309141235/tools/bin/../lib/gcc/arm-none-eabi/11.3.1/thumb/v7e-m+fp/hard/crtbegin.o
                [!provide]                        PROVIDE (__fini_array_end = .)
                0x0000000008004938                . = ALIGN (0x4)
                0x0000000008004938                _sidata = LOADADDR (.data)

.data           0x0000000020000000        0xc load address 0x0000000008004938
                0x0000000020000000                . = ALIGN (0x4)
                0x0000000020000000                _sdata = .
 *(.data)
 *(.data*)
 .data.SystemCoreClock
                0x0000000020000000        0x4 ./Core/Src/system_stm32f4xx.o
                0x0000000020000000                SystemCoreClock
 .data.uwTickPrio
                0x0000000020000004        0x4 ./Drivers/STM32F4xx_HAL_Driver/Src/stm32f4xx_hal.o
                0x0000000020000004                uwTickPrio
 .data.uwTickFreq
                0x0000000020000008        0x1 ./Drivers/STM32F4xx_HAL_Driver/Src/stm32f4xx_hal.o
                0x0000000020000008                uwTickFreq
 .data.comActiveInterface
                0x0000000020000009        0x1 ./Loader/com.o
 *(.RamFunc)
 *(.RamFunc*)
                0x000000002000000c                . = ALIGN (0x4)
 *fill*         0x000000002000000a        0x2 
                0x000000002000000c                _edata = .
                0x0000000008004944                _siccmram = LOADADDR (.ccmram)

.igot.plt       0x000000002000000c        0x0 load address 0x0000000008004944
 .igot.plt      0x000000002000000c        0x0 C:/ST/STM32CubeIDE_1.14.0/STM32CubeIDE/plugins/com.st.stm32cube.ide.mcu.externaltools.gnu-tools-for-stm32.11.3.rel1.win32_1.1.100.202309141235/tools/bin/../lib/gcc/arm-none-eabi/11.3.1/thumb/v7e-m+fp/hard/crtbegin.o

.ccmram         0x0000000010000000        0x0 load address 0x0000000008004944
                0x0000000010000000                . = ALIGN (0x4)
                0x0000000010000000                _sccmram = .
 *(.ccmram)
 *(.ccmram*)
                0x0000000010000000                . = ALIGN (0x4)
                0x0000000010000000                _eccmram = .
                0x0000000010000000                . = ALIGN (0x4)

.bss            0x000000002000000c      0x6e4
                0x000000002000000c                _sbss = .
                0x000000002000000c                __bss_start__ = _sbss
 *(.bss)
 .bss           0x000000002000000c       0x1c C:/ST/STM32CubeIDE_1.14.0/STM32CubeIDE/plugins/com.st.stm32cube.ide.mcu.externaltools.gnu-tools-for-stm32.11.3.rel1.win32_1.1.100.202309141235/tools/bin/../lib/gcc/arm-none-eabi/11.3.1/thumb/v7e-m+fp/hard/crtbegin.o
 *(.bss*)
 .bss.ledBlinkIntervalMs
                0x0000000020000028        0x2 ./App/led.o
 *fill*         0x000000002000002a        0x2 
 .bss.nextBlinkEvent.1
                0x000000002000002c        0x4 ./App/led.o
 .bss.ledOn.0   0x0000000020000030        0x1 ./App/led.o
 *fill*         0x0000000020000031        0x3 
 .bss.huart2    0x0000000020000034       0x48 ./Core/Src/main.o
                0x0000000020000034                huart2
 .bss.uwTick    0x000000002000007c        0x4 ./Drivers/STM32F4xx_HAL_Driver/Src/stm32f4xx_hal.o
                0x000000002000007c                uwTick
 .bss.pFlash    0x0000000020000080       0x20 ./Drivers/STM32F4xx_HAL_Driver/Src/stm32f4xx_hal_flash.o
                0x0000000020000080                pFlash
 .bss.blockInfo
                0x00000000200000a0      0x204 ./Loader/ARMCM4_STM32F4/flash.o
 .bss.bootBlockInfo
                0x00000000200002a4      0x204 ./Loader/ARMCM4_STM32F4/flash.o
 .bss.xcpCtoRxInProgress.3
                0x00000000200004a8        0x1 ./Loader/ARMCM4_STM32F4/rs232.o
 *fill*         0x00000000200004a9        0x3 
 .bss.xcpCtoReqPacket.2
                0x00000000200004ac       0x82 ./Loader/ARMCM4_STM32F4/rs232.o
 *fill*         0x000000002000052e        0x2 
 .bss.xcpCtoRxStartTime.1
                0x0000000020000530        0x4 ./Loader/ARMCM4_STM32F4/rs232.o
 .bss.xcpCtoRxLength.0
                0x0000000020000534        0x1 ./Loader/ARMCM4_STM32F4/rs232.o
 *fill*         0x0000000020000535        0x3 
 .bss.millisecond_counter
                0x0000000020000538        0x4 ./Loader/ARMCM4_STM32F4/timer.o
 .bss.backdoorOpen
                0x000000002000053c        0x1 ./Loader/backdoor.o
 *fill*         0x000000002000053d        0x3 
 .bss.backdoorOpenTime
                0x0000000020000540        0x4 ./Loader/backdoor.o
 .bss.backdoorExtensionTime
                0x0000000020000544        0x4 ./Loader/backdoor.o
 .bss.xcpCtoReqPacket.0
                0x0000000020000548       0x81 ./Loader/com.o
 *fill*         0x00000000200005c9        0x3 
 .bss.xcpInfo   0x00000000200005cc       0x8c ./Loader/xcp.o
 .bss.sequenceInProgress.8
                0x0000000020000658        0x1 ./Loader/xcp.o
 *fill*         0x0000000020000659        0x3 
 .bss.seedBuffer.7
                0x000000002000065c       0x40 ./Loader/xcp.o
 .bss.seedRemainderLen.6
                0x000000002000069c        0x1 ./Loader/xcp.o
 *fill*         0x000000002000069d        0x3 
 .bss.seedCurrentPtr.5
                0x00000000200006a0        0x4 ./Loader/xcp.o
 .bss.keyPreviousRemainder.4
                0x00000000200006a4        0x1 ./Loader/xcp.o
 .bss.keyTotalLen.3
                0x00000000200006a5        0x1 ./Loader/xcp.o
 *fill*         0x00000000200006a6        0x2 
 .bss.keyCurrentPtr.2
                0x00000000200006a8        0x4 ./Loader/xcp.o
 .bss.keyBuffer.1
                0x00000000200006ac       0x40 ./Loader/xcp.o
 .bss.keyReceivedLen.0
                0x00000000200006ec        0x1 ./Loader/xcp.o
 *(COMMON)
                0x00000000200006f0                . = ALIGN (0x4)
 *fill*         0x00000000200006ed        0x3 
                0x00000000200006f0                _ebss = .
                0x00000000200006f0                __bss_end__ = _ebss

._user_heap_stack
                0x00000000200006f0      0x600
                0x00000000200006f0                . = ALIGN (0x8)
                [!provide]                        PROVIDE (end = .)
                0x00000000200006f0                PROVIDE (_end = .)
                0x00000000200008f0                . = (. + _Min_Heap_Size)
 *fill*         0x00000000200006f0      0x200 
                0x0000000020000cf0                . = (. + _Min_Stack_Size)
 *fill*         0x00000000200008f0      0x400 
                0x0000000020000cf0                . = ALIGN (0x8)

/DISCARD/
 libc.a(*)
 libm.a(*)
 libgcc.a(*)

.ARM.attributes
                0x0000000000000000       0x30
 *(.ARM.attributes)
 .ARM.attributes
                0x0000000000000000       0x1e C:/ST/STM32CubeIDE_1.14.0/STM32CubeIDE/plugins/com.st.stm32cube.ide.mcu.externaltools.gnu-tools-for-stm32.11.3.rel1.win32_1.1.100.202309141235/tools/bin/../lib/gcc/arm-none-eabi/11.3.1/thumb/v7e-m+fp/hard/crti.o
 .ARM.attributes
                0x000000000000001e       0x34 C:/ST/STM32CubeIDE_1.14.0/STM32CubeIDE/plugins/com.st.stm32cube.ide.mcu.externaltools.gnu-tools-for-stm32.11.3.rel1.win32_1.1.100.202309141235/tools/bin/../lib/gcc/arm-none-eabi/11.3.1/thumb/v7e-m+fp/hard/crtbegin.o
 .ARM.attributes
                0x0000000000000052       0x34 ./App/app.o
 .ARM.attributes
                0x0000000000000086       0x34 ./App/hooks.o
 .ARM.attributes
                0x00000000000000ba       0x34 ./App/led.o
 .ARM.attributes
                0x00000000000000ee       0x34 ./Core/Src/main.o
 .ARM.attributes
                0x0000000000000122       0x34 ./Core/Src/stm32f4xx_hal_msp.o
 .ARM.attributes
                0x0000000000000156       0x34 ./Core/Src/stm32f4xx_it.o
 .ARM.attributes
                0x000000000000018a       0x34 ./Core/Src/system_stm32f4xx.o
 .ARM.attributes
                0x00000000000001be       0x21 ./Core/Startup/startup_stm32f407vgtx.o
 .ARM.attributes
                0x00000000000001df       0x34 ./Drivers/STM32F4xx_HAL_Driver/Src/stm32f4xx_hal.o
 .ARM.attributes
                0x0000000000000213       0x34 ./Drivers/STM32F4xx_HAL_Driver/Src/stm32f4xx_hal_cortex.o
 .ARM.attributes
                0x0000000000000247       0x34 ./Drivers/STM32F4xx_HAL_Driver/Src/stm32f4xx_hal_flash.o
 .ARM.attributes
                0x000000000000027b       0x34 ./Drivers/STM32F4xx_HAL_Driver/Src/stm32f4xx_hal_flash_ex.o
 .ARM.attributes
                0x00000000000002af       0x34 ./Drivers/STM32F4xx_HAL_Driver/Src/stm32f4xx_hal_gpio.o
 .ARM.attributes
                0x00000000000002e3       0x34 ./Drivers/STM32F4xx_HAL_Driver/Src/stm32f4xx_hal_rcc.o
 .ARM.attributes
                0x0000000000000317       0x34 ./Drivers/STM32F4xx_HAL_Driver/Src/stm32f4xx_hal_uart.o
 .ARM.attributes
                0x000000000000034b       0x34 ./Drivers/STM32F4xx_HAL_Driver/Src/stm32f4xx_ll_rcc.o
 .ARM.attributes
                0x000000000000037f       0x34 ./Drivers/STM32F4xx_HAL_Driver/Src/stm32f4xx_ll_usart.o
 .ARM.attributes
                0x00000000000003b3       0x34 ./Loader/ARMCM4_STM32F4/GCC/cpu_comp.o
 .ARM.attributes
                0x00000000000003e7       0x34 ./Loader/ARMCM4_STM32F4/cpu.o
 .ARM.attributes
                0x000000000000041b       0x34 ./Loader/ARMCM4_STM32F4/flash.o
 .ARM.attributes
                0x000000000000044f       0x34 ./Loader/ARMCM4_STM32F4/nvm.o
 .ARM.attributes
                0x0000000000000483       0x34 ./Loader/ARMCM4_STM32F4/rs232.o
 .ARM.attributes
                0x00000000000004b7       0x34 ./Loader/ARMCM4_STM32F4/timer.o
 .ARM.attributes
                0x00000000000004eb       0x34 ./Loader/asserts.o
 .ARM.attributes
                0x000000000000051f       0x34 ./Loader/backdoor.o
 .ARM.attributes
                0x0000000000000553       0x34 ./Loader/boot.o
 .ARM.attributes
                0x0000000000000587       0x34 ./Loader/com.o
 .ARM.attributes
                0x00000000000005bb       0x34 ./Loader/cop.o
 .ARM.attributes
                0x00000000000005ef       0x34 ./Loader/xcp.o
 .ARM.attributes
                0x0000000000000623       0x34 C:/ST/STM32CubeIDE_1.14.0/STM32CubeIDE/plugins/com.st.stm32cube.ide.mcu.externaltools.gnu-tools-for-stm32.11.3.rel1.win32_1.1.100.202309141235/tools/bin/../lib/gcc/arm-none-eabi/11.3.1/../../../../arm-none-eabi/lib/thumb/v7e-m+fp/hard\libc_nano.a(libc_a-memset.o)
 .ARM.attributes
                0x0000000000000657       0x34 C:/ST/STM32CubeIDE_1.14.0/STM32CubeIDE/plugins/com.st.stm32cube.ide.mcu.externaltools.gnu-tools-for-stm32.11.3.rel1.win32_1.1.100.202309141235/tools/bin/../lib/gcc/arm-none-eabi/11.3.1/../../../../arm-none-eabi/lib/thumb/v7e-m+fp/hard\libc_nano.a(libc_a-init.o)
 .ARM.attributes
                0x000000000000068b       0x1e C:/ST/STM32CubeIDE_1.14.0/STM32CubeIDE/plugins/com.st.stm32cube.ide.mcu.externaltools.gnu-tools-for-stm32.11.3.rel1.win32_1.1.100.202309141235/tools/bin/../lib/gcc/arm-none-eabi/11.3.1/thumb/v7e-m+fp/hard\libgcc.a(_aeabi_uldivmod.o)
 .ARM.attributes
                0x00000000000006a9       0x34 C:/ST/STM32CubeIDE_1.14.0/STM32CubeIDE/plugins/com.st.stm32cube.ide.mcu.externaltools.gnu-tools-for-stm32.11.3.rel1.win32_1.1.100.202309141235/tools/bin/../lib/gcc/arm-none-eabi/11.3.1/thumb/v7e-m+fp/hard\libgcc.a(_udivmoddi4.o)
 .ARM.attributes
                0x00000000000006dd       0x1e C:/ST/STM32CubeIDE_1.14.0/STM32CubeIDE/plugins/com.st.stm32cube.ide.mcu.externaltools.gnu-tools-for-stm32.11.3.rel1.win32_1.1.100.202309141235/tools/bin/../lib/gcc/arm-none-eabi/11.3.1/thumb/v7e-m+fp/hard\libgcc.a(_dvmd_tls.o)
 .ARM.attributes
                0x00000000000006fb       0x1e C:/ST/STM32CubeIDE_1.14.0/STM32CubeIDE/plugins/com.st.stm32cube.ide.mcu.externaltools.gnu-tools-for-stm32.11.3.rel1.win32_1.1.100.202309141235/tools/bin/../lib/gcc/arm-none-eabi/11.3.1/thumb/v7e-m+fp/hard/crtn.o
OUTPUT(my_boot.elf elf32-littlearm)
LOAD linker stubs
LOAD C:/ST/STM32CubeIDE_1.14.0/STM32CubeIDE/plugins/com.st.stm32cube.ide.mcu.externaltools.gnu-tools-for-stm32.11.3.rel1.win32_1.1.100.202309141235/tools/bin/../lib/gcc/arm-none-eabi/11.3.1/../../../../arm-none-eabi/lib/thumb/v7e-m+fp/hard\libc.a
LOAD C:/ST/STM32CubeIDE_1.14.0/STM32CubeIDE/plugins/com.st.stm32cube.ide.mcu.externaltools.gnu-tools-for-stm32.11.3.rel1.win32_1.1.100.202309141235/tools/bin/../lib/gcc/arm-none-eabi/11.3.1/../../../../arm-none-eabi/lib/thumb/v7e-m+fp/hard\libm.a
LOAD C:/ST/STM32CubeIDE_1.14.0/STM32CubeIDE/plugins/com.st.stm32cube.ide.mcu.externaltools.gnu-tools-for-stm32.11.3.rel1.win32_1.1.100.202309141235/tools/bin/../lib/gcc/arm-none-eabi/11.3.1/thumb/v7e-m+fp/hard\libgcc.a

.comment        0x0000000000000000       0x43
 .comment       0x0000000000000000       0x43 C:/ST/STM32CubeIDE_1.14.0/STM32CubeIDE/plugins/com.st.stm32cube.ide.mcu.externaltools.gnu-tools-for-stm32.11.3.rel1.win32_1.1.100.202309141235/tools/bin/../lib/gcc/arm-none-eabi/11.3.1/thumb/v7e-m+fp/hard/crtbegin.o
                                         0x44 (size before relaxing)
 .comment       0x0000000000000043       0x44 ./App/app.o
 .comment       0x0000000000000043       0x44 ./App/hooks.o
 .comment       0x0000000000000043       0x44 ./App/led.o
 .comment       0x0000000000000043       0x44 ./Core/Src/main.o
 .comment       0x0000000000000043       0x44 ./Core/Src/stm32f4xx_hal_msp.o
 .comment       0x0000000000000043       0x44 ./Core/Src/stm32f4xx_it.o
 .comment       0x0000000000000043       0x44 ./Core/Src/system_stm32f4xx.o
 .comment       0x0000000000000043       0x44 ./Drivers/STM32F4xx_HAL_Driver/Src/stm32f4xx_hal.o
 .comment       0x0000000000000043       0x44 ./Drivers/STM32F4xx_HAL_Driver/Src/stm32f4xx_hal_cortex.o
 .comment       0x0000000000000043       0x44 ./Drivers/STM32F4xx_HAL_Driver/Src/stm32f4xx_hal_flash.o
 .comment       0x0000000000000043       0x44 ./Drivers/STM32F4xx_HAL_Driver/Src/stm32f4xx_hal_flash_ex.o
 .comment       0x0000000000000043       0x44 ./Drivers/STM32F4xx_HAL_Driver/Src/stm32f4xx_hal_gpio.o
 .comment       0x0000000000000043       0x44 ./Drivers/STM32F4xx_HAL_Driver/Src/stm32f4xx_hal_rcc.o
 .comment       0x0000000000000043       0x44 ./Drivers/STM32F4xx_HAL_Driver/Src/stm32f4xx_hal_uart.o
 .comment       0x0000000000000043       0x44 ./Drivers/STM32F4xx_HAL_Driver/Src/stm32f4xx_ll_rcc.o
 .comment       0x0000000000000043       0x44 ./Drivers/STM32F4xx_HAL_Driver/Src/stm32f4xx_ll_usart.o
 .comment       0x0000000000000043       0x44 ./Loader/ARMCM4_STM32F4/GCC/cpu_comp.o
 .comment       0x0000000000000043       0x44 ./Loader/ARMCM4_STM32F4/cpu.o
 .comment       0x0000000000000043       0x44 ./Loader/ARMCM4_STM32F4/flash.o
 .comment       0x0000000000000043       0x44 ./Loader/ARMCM4_STM32F4/nvm.o
 .comment       0x0000000000000043       0x44 ./Loader/ARMCM4_STM32F4/rs232.o
 .comment       0x0000000000000043       0x44 ./Loader/ARMCM4_STM32F4/timer.o
 .comment       0x0000000000000043       0x44 ./Loader/asserts.o
 .comment       0x0000000000000043       0x44 ./Loader/backdoor.o
 .comment       0x0000000000000043       0x44 ./Loader/boot.o
 .comment       0x0000000000000043       0x44 ./Loader/com.o
 .comment       0x0000000000000043       0x44 ./Loader/cop.o
 .comment       0x0000000000000043       0x44 ./Loader/xcp.o

.debug_info     0x0000000000000000     0xb132
 .debug_info    0x0000000000000000       0x8f ./App/app.o
 .debug_info    0x000000000000008f      0x271 ./App/hooks.o
 .debug_info    0x0000000000000300      0x255 ./App/led.o
 .debug_info    0x0000000000000555      0xb7c ./Core/Src/main.o
 .debug_info    0x00000000000010d1      0x8fc ./Core/Src/stm32f4xx_hal_msp.o
 .debug_info    0x00000000000019cd      0x112 ./Core/Src/stm32f4xx_it.o
 .debug_info    0x0000000000001adf      0x512 ./Core/Src/system_stm32f4xx.o
 .debug_info    0x0000000000001ff1       0x23 ./Core/Startup/startup_stm32f407vgtx.o
 .debug_info    0x0000000000002014      0x944 ./Drivers/STM32F4xx_HAL_Driver/Src/stm32f4xx_hal.o
 .debug_info    0x0000000000002958      0xd57 ./Drivers/STM32F4xx_HAL_Driver/Src/stm32f4xx_hal_cortex.o
 .debug_info    0x00000000000036af      0x57d ./Drivers/STM32F4xx_HAL_Driver/Src/stm32f4xx_hal_flash.o
 .debug_info    0x0000000000003c2c      0x67f ./Drivers/STM32F4xx_HAL_Driver/Src/stm32f4xx_hal_flash_ex.o
 .debug_info    0x00000000000042ab      0x6c3 ./Drivers/STM32F4xx_HAL_Driver/Src/stm32f4xx_hal_gpio.o
 .debug_info    0x000000000000496e      0x8b1 ./Drivers/STM32F4xx_HAL_Driver/Src/stm32f4xx_hal_rcc.o
 .debug_info    0x000000000000521f     0x2f4f ./Drivers/STM32F4xx_HAL_Driver/Src/stm32f4xx_hal_uart.o
 .debug_info    0x000000000000816e      0x758 ./Drivers/STM32F4xx_HAL_Driver/Src/stm32f4xx_ll_rcc.o
 .debug_info    0x00000000000088c6      0x6e2 ./Drivers/STM32F4xx_HAL_Driver/Src/stm32f4xx_ll_usart.o
 .debug_info    0x0000000000008fa8       0x83 ./Loader/ARMCM4_STM32F4/GCC/cpu_comp.o
 .debug_info    0x000000000000902b      0x3f2 ./Loader/ARMCM4_STM32F4/cpu.o
 .debug_info    0x000000000000941d      0x6e6 ./Loader/ARMCM4_STM32F4/flash.o
 .debug_info    0x0000000000009b03      0x1ce ./Loader/ARMCM4_STM32F4/nvm.o
 .debug_info    0x0000000000009cd1      0x4b4 ./Loader/ARMCM4_STM32F4/rs232.o
 .debug_info    0x000000000000a185      0x165 ./Loader/ARMCM4_STM32F4/timer.o
 .debug_info    0x000000000000a2ea       0xb6 ./Loader/asserts.o
 .debug_info    0x000000000000a3a0      0x134 ./Loader/backdoor.o
 .debug_info    0x000000000000a4d4       0xd3 ./Loader/boot.o
 .debug_info    0x000000000000a5a7      0x254 ./Loader/com.o
 .debug_info    0x000000000000a7fb       0x8f ./Loader/cop.o
 .debug_info    0x000000000000a88a      0x8a8 ./Loader/xcp.o

.debug_abbrev   0x0000000000000000     0x2c7e
 .debug_abbrev  0x0000000000000000       0x5c ./App/app.o
 .debug_abbrev  0x000000000000005c      0x168 ./App/hooks.o
 .debug_abbrev  0x00000000000001c4      0x16a ./App/led.o
 .debug_abbrev  0x000000000000032e      0x25c ./Core/Src/main.o
 .debug_abbrev  0x000000000000058a      0x1c2 ./Core/Src/stm32f4xx_hal_msp.o
 .debug_abbrev  0x000000000000074c       0x73 ./Core/Src/stm32f4xx_it.o
 .debug_abbrev  0x00000000000007bf      0x11a ./Core/Src/system_stm32f4xx.o
 .debug_abbrev  0x00000000000008d9       0x12 ./Core/Startup/startup_stm32f407vgtx.o
 .debug_abbrev  0x00000000000008eb      0x214 ./Drivers/STM32F4xx_HAL_Driver/Src/stm32f4xx_hal.o
 .debug_abbrev  0x0000000000000aff      0x328 ./Drivers/STM32F4xx_HAL_Driver/Src/stm32f4xx_hal_cortex.o
 .debug_abbrev  0x0000000000000e27      0x28c ./Drivers/STM32F4xx_HAL_Driver/Src/stm32f4xx_hal_flash.o
 .debug_abbrev  0x00000000000010b3      0x249 ./Drivers/STM32F4xx_HAL_Driver/Src/stm32f4xx_hal_flash_ex.o
 .debug_abbrev  0x00000000000012fc      0x1d4 ./Drivers/STM32F4xx_HAL_Driver/Src/stm32f4xx_hal_gpio.o
 .debug_abbrev  0x00000000000014d0      0x2b6 ./Drivers/STM32F4xx_HAL_Driver/Src/stm32f4xx_hal_rcc.o
 .debug_abbrev  0x0000000000001786      0x30e ./Drivers/STM32F4xx_HAL_Driver/Src/stm32f4xx_hal_uart.o
 .debug_abbrev  0x0000000000001a94      0x1ec ./Drivers/STM32F4xx_HAL_Driver/Src/stm32f4xx_ll_rcc.o
 .debug_abbrev  0x0000000000001c80      0x1f5 ./Drivers/STM32F4xx_HAL_Driver/Src/stm32f4xx_ll_usart.o
 .debug_abbrev  0x0000000000001e75       0x47 ./Loader/ARMCM4_STM32F4/GCC/cpu_comp.o
 .debug_abbrev  0x0000000000001ebc      0x172 ./Loader/ARMCM4_STM32F4/cpu.o
 .debug_abbrev  0x000000000000202e      0x21d ./Loader/ARMCM4_STM32F4/flash.o
 .debug_abbrev  0x000000000000224b      0x10e ./Loader/ARMCM4_STM32F4/nvm.o
 .debug_abbrev  0x0000000000002359      0x245 ./Loader/ARMCM4_STM32F4/rs232.o
 .debug_abbrev  0x000000000000259e       0xec ./Loader/ARMCM4_STM32F4/timer.o
 .debug_abbrev  0x000000000000268a       0x87 ./Loader/asserts.o
 .debug_abbrev  0x0000000000002711       0xda ./Loader/backdoor.o
 .debug_abbrev  0x00000000000027eb       0x5a ./Loader/boot.o
 .debug_abbrev  0x0000000000002845      0x19f ./Loader/com.o
 .debug_abbrev  0x00000000000029e4       0x5c ./Loader/cop.o
 .debug_abbrev  0x0000000000002a40      0x23e ./Loader/xcp.o

.debug_aranges  0x0000000000000000      0xd90
 .debug_aranges
                0x0000000000000000       0x28 ./App/app.o
 .debug_aranges
                0x0000000000000028       0x48 ./App/hooks.o
 .debug_aranges
                0x0000000000000070       0x40 ./App/led.o
 .debug_aranges
                0x00000000000000b0       0x40 ./Core/Src/main.o
 .debug_aranges
                0x00000000000000f0       0x30 ./Core/Src/stm32f4xx_hal_msp.o
 .debug_aranges
                0x0000000000000120       0x60 ./Core/Src/stm32f4xx_it.o
 .debug_aranges
                0x0000000000000180       0x28 ./Core/Src/system_stm32f4xx.o
 .debug_aranges
                0x00000000000001a8       0x28 ./Core/Startup/startup_stm32f407vgtx.o
 .debug_aranges
                0x00000000000001d0       0xf0 ./Drivers/STM32F4xx_HAL_Driver/Src/stm32f4xx_hal.o
 .debug_aranges
                0x00000000000002c0      0x120 ./Drivers/STM32F4xx_HAL_Driver/Src/stm32f4xx_hal_cortex.o
 .debug_aranges
                0x00000000000003e0       0xa0 ./Drivers/STM32F4xx_HAL_Driver/Src/stm32f4xx_hal_flash.o
 .debug_aranges
                0x0000000000000480       0x98 ./Drivers/STM32F4xx_HAL_Driver/Src/stm32f4xx_hal_flash_ex.o
 .debug_aranges
                0x0000000000000518       0x58 ./Drivers/STM32F4xx_HAL_Driver/Src/stm32f4xx_hal_gpio.o
 .debug_aranges
                0x0000000000000570       0x88 ./Drivers/STM32F4xx_HAL_Driver/Src/stm32f4xx_hal_rcc.o
 .debug_aranges
                0x00000000000005f8      0x208 ./Drivers/STM32F4xx_HAL_Driver/Src/stm32f4xx_hal_uart.o
 .debug_aranges
                0x0000000000000800      0x118 ./Drivers/STM32F4xx_HAL_Driver/Src/stm32f4xx_ll_rcc.o
 .debug_aranges
                0x0000000000000918       0x88 ./Drivers/STM32F4xx_HAL_Driver/Src/stm32f4xx_ll_usart.o
 .debug_aranges
                0x00000000000009a0       0x28 ./Loader/ARMCM4_STM32F4/GCC/cpu_comp.o
 .debug_aranges
                0x00000000000009c8       0x38 ./Loader/ARMCM4_STM32F4/cpu.o
 .debug_aranges
                0x0000000000000a00       0x90 ./Loader/ARMCM4_STM32F4/flash.o
 .debug_aranges
                0x0000000000000a90       0x50 ./Loader/ARMCM4_STM32F4/nvm.o
 .debug_aranges
                0x0000000000000ae0       0x70 ./Loader/ARMCM4_STM32F4/rs232.o
 .debug_aranges
                0x0000000000000b50       0x40 ./Loader/ARMCM4_STM32F4/timer.o
 .debug_aranges
                0x0000000000000b90       0x20 ./Loader/asserts.o
 .debug_aranges
                0x0000000000000bb0       0x40 ./Loader/backdoor.o
 .debug_aranges
                0x0000000000000bf0       0x28 ./Loader/boot.o
 .debug_aranges
                0x0000000000000c18       0x50 ./Loader/com.o
 .debug_aranges
                0x0000000000000c68       0x28 ./Loader/cop.o
 .debug_aranges
                0x0000000000000c90      0x100 ./Loader/xcp.o

.debug_rnglists
                0x0000000000000000      0x9ff
 .debug_rnglists
                0x0000000000000000       0x19 ./App/app.o
 .debug_rnglists
                0x0000000000000019       0x31 ./App/hooks.o
 .debug_rnglists
                0x000000000000004a       0x2b ./App/led.o
 .debug_rnglists
                0x0000000000000075       0x2d ./Core/Src/main.o
 .debug_rnglists
                0x00000000000000a2       0x20 ./Core/Src/stm32f4xx_hal_msp.o
 .debug_rnglists
                0x00000000000000c2       0x43 ./Core/Src/stm32f4xx_it.o
 .debug_rnglists
                0x0000000000000105       0x1a ./Core/Src/system_stm32f4xx.o
 .debug_rnglists
                0x000000000000011f       0x19 ./Core/Startup/startup_stm32f407vgtx.o
 .debug_rnglists
                0x0000000000000138       0xaf ./Drivers/STM32F4xx_HAL_Driver/Src/stm32f4xx_hal.o
 .debug_rnglists
                0x00000000000001e7       0xd4 ./Drivers/STM32F4xx_HAL_Driver/Src/stm32f4xx_hal_cortex.o
 .debug_rnglists
                0x00000000000002bb       0x78 ./Drivers/STM32F4xx_HAL_Driver/Src/stm32f4xx_hal_flash.o
 .debug_rnglists
                0x0000000000000333       0x72 ./Drivers/STM32F4xx_HAL_Driver/Src/stm32f4xx_hal_flash_ex.o
 .debug_rnglists
                0x00000000000003a5       0x3f ./Drivers/STM32F4xx_HAL_Driver/Src/stm32f4xx_hal_gpio.o
 .debug_rnglists
                0x00000000000003e4       0x66 ./Drivers/STM32F4xx_HAL_Driver/Src/stm32f4xx_hal_rcc.o
 .debug_rnglists
                0x000000000000044a      0x1bc ./Drivers/STM32F4xx_HAL_Driver/Src/stm32f4xx_hal_uart.o
 .debug_rnglists
                0x0000000000000606       0xce ./Drivers/STM32F4xx_HAL_Driver/Src/stm32f4xx_ll_rcc.o
 .debug_rnglists
                0x00000000000006d4       0x64 ./Drivers/STM32F4xx_HAL_Driver/Src/stm32f4xx_ll_usart.o
 .debug_rnglists
                0x0000000000000738       0x19 ./Loader/ARMCM4_STM32F4/GCC/cpu_comp.o
 .debug_rnglists
                0x0000000000000751       0x25 ./Loader/ARMCM4_STM32F4/cpu.o
 .debug_rnglists
                0x0000000000000776       0x6e ./Loader/ARMCM4_STM32F4/flash.o
 .debug_rnglists
                0x00000000000007e4       0x37 ./Loader/ARMCM4_STM32F4/nvm.o
 .debug_rnglists
                0x000000000000081b       0x50 ./Loader/ARMCM4_STM32F4/rs232.o
 .debug_rnglists
                0x000000000000086b       0x2b ./Loader/ARMCM4_STM32F4/timer.o
 .debug_rnglists
                0x0000000000000896       0x13 ./Loader/asserts.o
 .debug_rnglists
                0x00000000000008a9       0x2b ./Loader/backdoor.o
 .debug_rnglists
                0x00000000000008d4       0x19 ./Loader/boot.o
 .debug_rnglists
                0x00000000000008ed       0x37 ./Loader/com.o
 .debug_rnglists
                0x0000000000000924       0x19 ./Loader/cop.o
 .debug_rnglists
                0x000000000000093d       0xc2 ./Loader/xcp.o

.debug_macro    0x0000000000000000    0x21e99
 .debug_macro   0x0000000000000000       0x91 ./App/app.o
 .debug_macro   0x0000000000000091      0xaae ./App/app.o
 .debug_macro   0x0000000000000b3f       0x1c ./App/app.o
 .debug_macro   0x0000000000000b5b       0x1c ./App/app.o
 .debug_macro   0x0000000000000b77       0x22 ./App/app.o
 .debug_macro   0x0000000000000b99       0xc9 ./App/app.o
 .debug_macro   0x0000000000000c62       0x4e ./App/app.o
 .debug_macro   0x0000000000000cb0       0x1c ./App/app.o
 .debug_macro   0x0000000000000ccc      0x1aa ./App/app.o
 .debug_macro   0x0000000000000e76       0x40 ./App/app.o
 .debug_macro   0x0000000000000eb6      0x25f ./App/hooks.o
 .debug_macro   0x0000000000001115       0x2e ./App/hooks.o
 .debug_macro   0x0000000000001143       0x2f ./App/hooks.o
 .debug_macro   0x0000000000001172       0x22 ./App/hooks.o
 .debug_macro   0x0000000000001194       0x8e ./App/hooks.o
 .debug_macro   0x0000000000001222       0x51 ./App/hooks.o
 .debug_macro   0x0000000000001273      0x103 ./App/hooks.o
 .debug_macro   0x0000000000001376       0x6a ./App/hooks.o
 .debug_macro   0x00000000000013e0      0x1df ./App/hooks.o
 .debug_macro   0x00000000000015bf       0x1c ./App/hooks.o
 .debug_macro   0x00000000000015db       0x22 ./App/hooks.o
 .debug_macro   0x00000000000015fd       0xfb ./App/hooks.o
 .debug_macro   0x00000000000016f8     0x1011 ./App/hooks.o
 .debug_macro   0x0000000000002709      0x11f ./App/hooks.o
 .debug_macro   0x0000000000002828    0x15e97 ./App/hooks.o
 .debug_macro   0x00000000000186bf       0x6d ./App/hooks.o
 .debug_macro   0x000000000001872c      0x295 ./App/hooks.o
 .debug_macro   0x00000000000189c1     0x368c ./App/hooks.o
 .debug_macro   0x000000000001c04d      0x174 ./App/hooks.o
 .debug_macro   0x000000000001c1c1       0x5c ./App/hooks.o
 .debug_macro   0x000000000001c21d      0x980 ./App/hooks.o
 .debug_macro   0x000000000001cb9d      0x9e9 ./App/hooks.o
 .debug_macro   0x000000000001d586      0x115 ./App/hooks.o
 .debug_macro   0x000000000001d69b      0x13e ./App/hooks.o
 .debug_macro   0x000000000001d7d9       0xa5 ./App/hooks.o
 .debug_macro   0x000000000001d87e      0x174 ./App/hooks.o
 .debug_macro   0x000000000001d9f2      0x287 ./App/hooks.o
 .debug_macro   0x000000000001dc79       0x5f ./App/hooks.o
 .debug_macro   0x000000000001dcd8      0x236 ./App/hooks.o
 .debug_macro   0x000000000001df0e      0x12c ./App/hooks.o
 .debug_macro   0x000000000001e03a      0x21e ./App/hooks.o
 .debug_macro   0x000000000001e258       0x2e ./App/hooks.o
 .debug_macro   0x000000000001e286      0x127 ./App/hooks.o
 .debug_macro   0x000000000001e3ad       0x7e ./App/hooks.o
 .debug_macro   0x000000000001e42b       0x89 ./App/hooks.o
 .debug_macro   0x000000000001e4b4      0x2aa ./App/hooks.o
 .debug_macro   0x000000000001e75e      0x12d ./App/hooks.o
 .debug_macro   0x000000000001e88b      0x149 ./App/hooks.o
 .debug_macro   0x000000000001e9d4      0x1bb ./App/hooks.o
 .debug_macro   0x000000000001eb8f      0x1d5 ./App/hooks.o
 .debug_macro   0x000000000001ed64      0x24d ./App/led.o
 .debug_macro   0x000000000001efb1      0x1ce ./Core/Src/main.o
 .debug_macro   0x000000000001f17f      0x1c4 ./Core/Src/stm32f4xx_hal_msp.o
 .debug_macro   0x000000000001f343      0x1ce ./Core/Src/stm32f4xx_it.o
 .debug_macro   0x000000000001f511      0x1ba ./Core/Src/system_stm32f4xx.o
 .debug_macro   0x000000000001f6cb      0x21a ./Drivers/STM32F4xx_HAL_Driver/Src/stm32f4xx_hal.o
 .debug_macro   0x000000000001f8e5      0x1ba ./Drivers/STM32F4xx_HAL_Driver/Src/stm32f4xx_hal_cortex.o
 .debug_macro   0x000000000001fa9f      0x1c0 ./Drivers/STM32F4xx_HAL_Driver/Src/stm32f4xx_hal_flash.o
 .debug_macro   0x000000000001fc5f      0x1c0 ./Drivers/STM32F4xx_HAL_Driver/Src/stm32f4xx_hal_flash_ex.o
 .debug_macro   0x000000000001fe1f      0x1c0 ./Drivers/STM32F4xx_HAL_Driver/Src/stm32f4xx_hal_gpio.o
 .debug_macro   0x000000000001ffdf      0x1de ./Drivers/STM32F4xx_HAL_Driver/Src/stm32f4xx_hal_rcc.o
 .debug_macro   0x00000000000201bd      0x1bb ./Drivers/STM32F4xx_HAL_Driver/Src/stm32f4xx_hal_uart.o
 .debug_macro   0x0000000000020378      0x1e7 ./Drivers/STM32F4xx_HAL_Driver/Src/stm32f4xx_ll_rcc.o
 .debug_macro   0x000000000002055f      0x77b ./Drivers/STM32F4xx_HAL_Driver/Src/stm32f4xx_ll_rcc.o
 .debug_macro   0x0000000000020cda      0x22f ./Drivers/STM32F4xx_HAL_Driver/Src/stm32f4xx_ll_usart.o
 .debug_macro   0x0000000000020f09      0x1b5 ./Drivers/STM32F4xx_HAL_Driver/Src/stm32f4xx_ll_usart.o
 .debug_macro   0x00000000000210be       0x91 ./Loader/ARMCM4_STM32F4/GCC/cpu_comp.o
 .debug_macro   0x000000000002114f      0x246 ./Loader/ARMCM4_STM32F4/cpu.o
 .debug_macro   0x0000000000021395      0x264 ./Loader/ARMCM4_STM32F4/flash.o
 .debug_macro   0x00000000000215f9       0x9b ./Loader/ARMCM4_STM32F4/nvm.o
 .debug_macro   0x0000000000021694      0x255 ./Loader/ARMCM4_STM32F4/rs232.o
 .debug_macro   0x00000000000218e9      0x23a ./Loader/ARMCM4_STM32F4/timer.o
 .debug_macro   0x0000000000021b23       0x91 ./Loader/asserts.o
 .debug_macro   0x0000000000021bb4       0x97 ./Loader/backdoor.o
 .debug_macro   0x0000000000021c4b       0x91 ./Loader/boot.o
 .debug_macro   0x0000000000021cdc       0x9b ./Loader/com.o
 .debug_macro   0x0000000000021d77       0x91 ./Loader/cop.o
 .debug_macro   0x0000000000021e08       0x91 ./Loader/xcp.o

.debug_line     0x0000000000000000     0xf876
 .debug_line    0x0000000000000000      0x1ac ./App/app.o
 .debug_line    0x00000000000001ac      0x951 ./App/hooks.o
 .debug_line    0x0000000000000afd      0x8f6 ./App/led.o
 .debug_line    0x00000000000013f3      0x85d ./Core/Src/main.o
 .debug_line    0x0000000000001c50      0x76c ./Core/Src/stm32f4xx_hal_msp.o
 .debug_line    0x00000000000023bc      0x7e0 ./Core/Src/stm32f4xx_it.o
 .debug_line    0x0000000000002b9c      0x79f ./Core/Src/system_stm32f4xx.o
 .debug_line    0x000000000000333b       0x7a ./Core/Startup/startup_stm32f407vgtx.o
 .debug_line    0x00000000000033b5      0xa05 ./Drivers/STM32F4xx_HAL_Driver/Src/stm32f4xx_hal.o
 .debug_line    0x0000000000003dba      0xcd1 ./Drivers/STM32F4xx_HAL_Driver/Src/stm32f4xx_hal_cortex.o
 .debug_line    0x0000000000004a8b      0xa9a ./Drivers/STM32F4xx_HAL_Driver/Src/stm32f4xx_hal_flash.o
 .debug_line    0x0000000000005525      0xab3 ./Drivers/STM32F4xx_HAL_Driver/Src/stm32f4xx_hal_flash_ex.o
 .debug_line    0x0000000000005fd8      0xb79 ./Drivers/STM32F4xx_HAL_Driver/Src/stm32f4xx_hal_gpio.o
 .debug_line    0x0000000000006b51      0xd7e ./Drivers/STM32F4xx_HAL_Driver/Src/stm32f4xx_hal_rcc.o
 .debug_line    0x00000000000078cf     0x28c2 ./Drivers/STM32F4xx_HAL_Driver/Src/stm32f4xx_hal_uart.o
 .debug_line    0x000000000000a191      0xbb1 ./Drivers/STM32F4xx_HAL_Driver/Src/stm32f4xx_ll_rcc.o
 .debug_line    0x000000000000ad42      0x97c ./Drivers/STM32F4xx_HAL_Driver/Src/stm32f4xx_ll_usart.o
 .debug_line    0x000000000000b6be      0x21a ./Loader/ARMCM4_STM32F4/GCC/cpu_comp.o
 .debug_line    0x000000000000b8d8      0x95f ./Loader/ARMCM4_STM32F4/cpu.o
 .debug_line    0x000000000000c237      0xd5d ./Loader/ARMCM4_STM32F4/flash.o
 .debug_line    0x000000000000cf94      0x2a8 ./Loader/ARMCM4_STM32F4/nvm.o
 .debug_line    0x000000000000d23c      0xaa7 ./Loader/ARMCM4_STM32F4/rs232.o
 .debug_line    0x000000000000dce3      0x947 ./Loader/ARMCM4_STM32F4/timer.o
 .debug_line    0x000000000000e62a      0x198 ./Loader/asserts.o
 .debug_line    0x000000000000e7c2      0x22b ./Loader/backdoor.o
 .debug_line    0x000000000000e9ed      0x1b4 ./Loader/boot.o
 .debug_line    0x000000000000eba1      0x29b ./Loader/com.o
 .debug_line    0x000000000000ee3c      0x1aa ./Loader/cop.o
 .debug_line    0x000000000000efe6      0x890 ./Loader/xcp.o

.debug_str      0x0000000000000000    0xc7c95
 .debug_str     0x0000000000000000     0x3c3e ./App/app.o
                                       0x3ca2 (size before relaxing)
 .debug_str     0x0000000000003c3e    0xbbdc8 ./App/hooks.o
                                      0xbfcac (size before relaxing)
 .debug_str     0x00000000000bfa06       0x81 ./App/led.o
                                      0xbe238 (size before relaxing)
 .debug_str     0x00000000000bfa87      0x77a ./Core/Src/main.o
                                      0xbd3c9 (size before relaxing)
 .debug_str     0x00000000000c0201       0x83 ./Core/Src/stm32f4xx_hal_msp.o
                                      0xbd1fb (size before relaxing)
 .debug_str     0x00000000000c0284       0xc9 ./Core/Src/stm32f4xx_it.o
                                      0xbcc45 (size before relaxing)
 .debug_str     0x00000000000c034d       0xdb ./Core/Src/system_stm32f4xx.o
                                      0xbcd6f (size before relaxing)
 .debug_str     0x00000000000c0428       0x34 ./Core/Startup/startup_stm32f407vgtx.o
                                         0x89 (size before relaxing)
 .debug_str     0x00000000000c045c      0xaea ./Drivers/STM32F4xx_HAL_Driver/Src/stm32f4xx_hal.o
                                      0xbd8f3 (size before relaxing)
 .debug_str     0x00000000000c0f46      0x361 ./Drivers/STM32F4xx_HAL_Driver/Src/stm32f4xx_hal_cortex.o
                                      0xbd63d (size before relaxing)
 .debug_str     0x00000000000c12a7      0x2ce ./Drivers/STM32F4xx_HAL_Driver/Src/stm32f4xx_hal_flash.o
                                      0xbcf5f (size before relaxing)
 .debug_str     0x00000000000c1575      0x221 ./Drivers/STM32F4xx_HAL_Driver/Src/stm32f4xx_hal_flash_ex.o
                                      0xbcfaf (size before relaxing)
 .debug_str     0x00000000000c1796      0x11b ./Drivers/STM32F4xx_HAL_Driver/Src/stm32f4xx_hal_gpio.o
                                      0xbceea (size before relaxing)
 .debug_str     0x00000000000c18b1      0x228 ./Drivers/STM32F4xx_HAL_Driver/Src/stm32f4xx_hal_rcc.o
                                      0xbd1a3 (size before relaxing)
 .debug_str     0x00000000000c1ad9      0x65e ./Drivers/STM32F4xx_HAL_Driver/Src/stm32f4xx_hal_uart.o
                                      0xbd784 (size before relaxing)
 .debug_str     0x00000000000c2137     0x458b ./Drivers/STM32F4xx_HAL_Driver/Src/stm32f4xx_ll_rcc.o
                                      0xc1263 (size before relaxing)
 .debug_str     0x00000000000c66c2      0x8e3 ./Drivers/STM32F4xx_HAL_Driver/Src/stm32f4xx_ll_usart.o
                                      0xc30e1 (size before relaxing)
 .debug_str     0x00000000000c6fa5       0x43 ./Loader/ARMCM4_STM32F4/GCC/cpu_comp.o
                                       0x3cb6 (size before relaxing)
 .debug_str     0x00000000000c6fe8      0x160 ./Loader/ARMCM4_STM32F4/cpu.o
                                      0xbdc37 (size before relaxing)
 .debug_str     0x00000000000c7148      0x3ac ./Loader/ARMCM4_STM32F4/flash.o
                                      0xbdea6 (size before relaxing)
 .debug_str     0x00000000000c74f4       0x4b ./Loader/ARMCM4_STM32F4/nvm.o
                                       0x3d9d (size before relaxing)
 .debug_str     0x00000000000c753f      0x1a9 ./Loader/ARMCM4_STM32F4/rs232.o
                                      0xbeacc (size before relaxing)
 .debug_str     0x00000000000c76e8       0x4b ./Loader/ARMCM4_STM32F4/timer.o
                                      0xbda55 (size before relaxing)
 .debug_str     0x00000000000c7733       0x19 ./Loader/asserts.o
                                       0x3cbe (size before relaxing)
 .debug_str     0x00000000000c774c       0xe4 ./Loader/backdoor.o
                                       0x3d88 (size before relaxing)
 .debug_str     0x00000000000c7830       0x29 ./Loader/boot.o
                                       0x3cfa (size before relaxing)
 .debug_str     0x00000000000c7859      0x110 ./Loader/com.o
                                       0x3e15 (size before relaxing)
 .debug_str     0x00000000000c7969       0x10 ./Loader/cop.o
                                       0x3cb1 (size before relaxing)
 .debug_str     0x00000000000c7979      0x31c ./Loader/xcp.o
                                       0x410b (size before relaxing)

.debug_frame    0x0000000000000000     0x3214
 .debug_frame   0x0000000000000000       0x48 ./App/app.o
 .debug_frame   0x0000000000000048       0xdc ./App/hooks.o
 .debug_frame   0x0000000000000124       0xc0 ./App/led.o
 .debug_frame   0x00000000000001e4       0xa8 ./Core/Src/main.o
 .debug_frame   0x000000000000028c       0x7c ./Core/Src/stm32f4xx_hal_msp.o
 .debug_frame   0x0000000000000308      0x104 ./Core/Src/stm32f4xx_it.o
 .debug_frame   0x000000000000040c       0x58 ./Core/Src/system_stm32f4xx.o
 .debug_frame   0x0000000000000464      0x374 ./Drivers/STM32F4xx_HAL_Driver/Src/stm32f4xx_hal.o
 .debug_frame   0x00000000000007d8      0x4b8 ./Drivers/STM32F4xx_HAL_Driver/Src/stm32f4xx_hal_cortex.o
 .debug_frame   0x0000000000000c90      0x274 ./Drivers/STM32F4xx_HAL_Driver/Src/stm32f4xx_hal_flash.o
 .debug_frame   0x0000000000000f04      0x250 ./Drivers/STM32F4xx_HAL_Driver/Src/stm32f4xx_hal_flash_ex.o
 .debug_frame   0x0000000000001154      0x14c ./Drivers/STM32F4xx_HAL_Driver/Src/stm32f4xx_hal_gpio.o
 .debug_frame   0x00000000000012a0      0x1f4 ./Drivers/STM32F4xx_HAL_Driver/Src/stm32f4xx_hal_rcc.o
 .debug_frame   0x0000000000001494      0x954 ./Drivers/STM32F4xx_HAL_Driver/Src/stm32f4xx_hal_uart.o
 .debug_frame   0x0000000000001de8      0x460 ./Drivers/STM32F4xx_HAL_Driver/Src/stm32f4xx_ll_rcc.o
 .debug_frame   0x0000000000002248      0x240 ./Drivers/STM32F4xx_HAL_Driver/Src/stm32f4xx_ll_usart.o
 .debug_frame   0x0000000000002488       0x50 ./Loader/ARMCM4_STM32F4/GCC/cpu_comp.o
 .debug_frame   0x00000000000024d8       0x98 ./Loader/ARMCM4_STM32F4/cpu.o
 .debug_frame   0x0000000000002570      0x220 ./Loader/ARMCM4_STM32F4/flash.o
 .debug_frame   0x0000000000002790       0xe4 ./Loader/ARMCM4_STM32F4/nvm.o
 .debug_frame   0x0000000000002874      0x1b4 ./Loader/ARMCM4_STM32F4/rs232.o
 .debug_frame   0x0000000000002a28       0xa4 ./Loader/ARMCM4_STM32F4/timer.o
 .debug_frame   0x0000000000002acc       0x30 ./Loader/asserts.o
 .debug_frame   0x0000000000002afc       0xac ./Loader/backdoor.o
 .debug_frame   0x0000000000002ba8       0x48 ./Loader/boot.o
 .debug_frame   0x0000000000002bf0      0x108 ./Loader/com.o
 .debug_frame   0x0000000000002cf8       0x48 ./Loader/cop.o
 .debug_frame   0x0000000000002d40      0x428 ./Loader/xcp.o
 .debug_frame   0x0000000000003168       0x20 C:/ST/STM32CubeIDE_1.14.0/STM32CubeIDE/plugins/com.st.stm32cube.ide.mcu.externaltools.gnu-tools-for-stm32.11.3.rel1.win32_1.1.100.202309141235/tools/bin/../lib/gcc/arm-none-eabi/11.3.1/../../../../arm-none-eabi/lib/thumb/v7e-m+fp/hard\libc_nano.a(libc_a-memset.o)
 .debug_frame   0x0000000000003188       0x2c C:/ST/STM32CubeIDE_1.14.0/STM32CubeIDE/plugins/com.st.stm32cube.ide.mcu.externaltools.gnu-tools-for-stm32.11.3.rel1.win32_1.1.100.202309141235/tools/bin/../lib/gcc/arm-none-eabi/11.3.1/../../../../arm-none-eabi/lib/thumb/v7e-m+fp/hard\libc_nano.a(libc_a-init.o)
 .debug_frame   0x00000000000031b4       0x2c C:/ST/STM32CubeIDE_1.14.0/STM32CubeIDE/plugins/com.st.stm32cube.ide.mcu.externaltools.gnu-tools-for-stm32.11.3.rel1.win32_1.1.100.202309141235/tools/bin/../lib/gcc/arm-none-eabi/11.3.1/thumb/v7e-m+fp/hard\libgcc.a(_aeabi_uldivmod.o)
 .debug_frame   0x00000000000031e0       0x34 C:/ST/STM32CubeIDE_1.14.0/STM32CubeIDE/plugins/com.st.stm32cube.ide.mcu.externaltools.gnu-tools-for-stm32.11.3.rel1.win32_1.1.100.202309141235/tools/bin/../lib/gcc/arm-none-eabi/11.3.1/thumb/v7e-m+fp/hard\libgcc.a(_udivmoddi4.o)

.debug_line_str
                0x0000000000000000       0x7d
 .debug_line_str
                0x0000000000000000       0x7d ./Core/Startup/startup_stm32f407vgtx.o
                                         0x95 (size before relaxing)
